2021-07-13 17:47:37,647 - dist_train.py - INFO: 
configs: {'exp': {'backbone': 'mit_b1'}, 'dataset': {'root_dir': '/home/rlx/VOCdevkit/VOC2012', 'name_list_dir': 'datasets/voc', 'num_classes': 21, 'crop_size': 512, 'resize_range': [512, 2048], 'rescale_range': [0.5, 2.0], 'ignore_index': 255}, 'train': {'split': 'train_aug', 'samples_per_gpu': 3, 'max_iters': 40000, 'eval_iters': 5000, 'log_iters': 50}, 'val': {'split': 'val'}, 'optimizer': {'type': 'AdamW', 'learning_rate': 6e-05, 'betas': [0.9, 0.999], 'weight_decay': 0.01}, 'scheduler': {'warmup_iter': 1500, 'warmup_ratio': 1e-06, 'power': 1.0}}
2021-07-13 17:47:55,276 - dist_train.py - INFO: Iter: 50; Elasped: 0:00:14; ETA: 3:06:26; LR: 1.960e-06; seg_loss: 3.258401
2021-07-13 17:48:07,390 - dist_train.py - INFO: Iter: 100; Elasped: 0:00:26; ETA: 2:52:54; LR: 3.960e-06; seg_loss: 2.972679
2021-07-13 17:48:19,413 - dist_train.py - INFO: Iter: 150; Elasped: 0:00:38; ETA: 2:48:15; LR: 5.960e-06; seg_loss: 1.541606
2021-07-13 17:48:31,451 - dist_train.py - INFO: Iter: 200; Elasped: 0:00:50; ETA: 2:45:50; LR: 7.960e-06; seg_loss: 1.284303
2021-07-13 17:48:43,652 - dist_train.py - INFO: Iter: 250; Elasped: 0:01:02; ETA: 2:44:18; LR: 9.960e-06; seg_loss: 0.651222
2021-07-13 17:48:55,840 - dist_train.py - INFO: Iter: 300; Elasped: 0:01:14; ETA: 2:43:12; LR: 1.196e-05; seg_loss: 0.601281
2021-07-13 17:49:07,850 - dist_train.py - INFO: Iter: 350; Elasped: 0:01:26; ETA: 2:42:22; LR: 1.396e-05; seg_loss: 0.895872
2021-07-13 17:49:20,010 - dist_train.py - INFO: Iter: 400; Elasped: 0:01:39; ETA: 2:43:21; LR: 1.596e-05; seg_loss: 0.377004
2021-07-13 17:49:32,169 - dist_train.py - INFO: Iter: 450; Elasped: 0:01:51; ETA: 2:42:35; LR: 1.796e-05; seg_loss: 0.697410
2021-07-13 17:49:44,248 - dist_train.py - INFO: Iter: 500; Elasped: 0:02:03; ETA: 2:41:57; LR: 1.996e-05; seg_loss: 0.642688
2021-07-13 17:49:56,210 - dist_train.py - INFO: Iter: 550; Elasped: 0:02:15; ETA: 2:41:23; LR: 2.196e-05; seg_loss: 0.220840
2021-07-13 17:50:08,039 - dist_train.py - INFO: Iter: 600; Elasped: 0:02:27; ETA: 2:40:53; LR: 2.396e-05; seg_loss: 0.781960
2021-07-13 17:50:20,191 - dist_train.py - INFO: Iter: 650; Elasped: 0:02:39; ETA: 2:40:25; LR: 2.596e-05; seg_loss: 0.145573
2021-07-13 17:50:32,321 - dist_train.py - INFO: Iter: 700; Elasped: 0:02:51; ETA: 2:40:00; LR: 2.796e-05; seg_loss: 0.326039
2021-07-13 17:50:44,621 - dist_train.py - INFO: Iter: 750; Elasped: 0:03:03; ETA: 2:39:37; LR: 2.996e-05; seg_loss: 0.284721
2021-07-13 17:50:56,890 - dist_train.py - INFO: Iter: 800; Elasped: 0:03:15; ETA: 2:39:15; LR: 3.196e-05; seg_loss: 0.343947
2021-07-13 17:51:08,931 - dist_train.py - INFO: Iter: 850; Elasped: 0:03:27; ETA: 2:38:54; LR: 3.396e-05; seg_loss: 0.533702
2021-07-13 17:51:20,898 - dist_train.py - INFO: Iter: 900; Elasped: 0:03:39; ETA: 2:38:34; LR: 3.596e-05; seg_loss: 0.623490
2021-07-13 17:51:32,913 - dist_train.py - INFO: Iter: 950; Elasped: 0:03:51; ETA: 2:38:15; LR: 3.796e-05; seg_loss: 0.299292
2021-07-13 17:51:44,842 - dist_train.py - INFO: Iter: 1000; Elasped: 0:04:03; ETA: 2:37:57; LR: 3.996e-05; seg_loss: 0.262478
2021-07-13 17:51:56,888 - dist_train.py - INFO: Iter: 1050; Elasped: 0:04:15; ETA: 2:37:39; LR: 4.196e-05; seg_loss: 0.131596
2021-07-13 17:52:08,764 - dist_train.py - INFO: Iter: 1100; Elasped: 0:04:27; ETA: 2:37:22; LR: 4.396e-05; seg_loss: 0.176612
2021-07-13 17:52:20,770 - dist_train.py - INFO: Iter: 1150; Elasped: 0:04:39; ETA: 2:37:05; LR: 4.596e-05; seg_loss: 0.173751
2021-07-13 17:52:33,021 - dist_train.py - INFO: Iter: 1200; Elasped: 0:04:52; ETA: 2:37:21; LR: 4.796e-05; seg_loss: 1.001003
2021-07-13 17:52:45,036 - dist_train.py - INFO: Iter: 1250; Elasped: 0:05:04; ETA: 2:37:04; LR: 4.996e-05; seg_loss: 1.017925
2021-07-13 17:52:56,777 - dist_train.py - INFO: Iter: 1300; Elasped: 0:05:15; ETA: 2:36:17; LR: 5.196e-05; seg_loss: 0.533632
2021-07-13 17:53:08,877 - dist_train.py - INFO: Iter: 1350; Elasped: 0:05:27; ETA: 2:36:01; LR: 5.396e-05; seg_loss: 0.158327
2021-07-13 17:53:20,775 - dist_train.py - INFO: Iter: 1400; Elasped: 0:05:39; ETA: 2:35:46; LR: 5.596e-05; seg_loss: 0.649955
2021-07-13 17:53:32,828 - dist_train.py - INFO: Iter: 1450; Elasped: 0:05:51; ETA: 2:35:31; LR: 5.796e-05; seg_loss: 0.245540
2021-07-13 17:53:44,691 - dist_train.py - INFO: Iter: 1500; Elasped: 0:06:03; ETA: 2:35:17; LR: 5.996e-05; seg_loss: 0.678093
2021-07-13 17:53:56,809 - dist_train.py - INFO: Iter: 1550; Elasped: 0:06:15; ETA: 2:35:02; LR: 5.768e-05; seg_loss: 0.235256
2021-07-13 17:54:08,706 - dist_train.py - INFO: Iter: 1600; Elasped: 0:06:27; ETA: 2:34:48; LR: 5.760e-05; seg_loss: 0.369923
2021-07-13 17:54:20,689 - dist_train.py - INFO: Iter: 1650; Elasped: 0:06:39; ETA: 2:34:33; LR: 5.753e-05; seg_loss: 0.081137
2021-07-13 17:54:32,581 - dist_train.py - INFO: Iter: 1700; Elasped: 0:06:51; ETA: 2:34:19; LR: 5.745e-05; seg_loss: 0.232681
2021-07-13 17:54:44,497 - dist_train.py - INFO: Iter: 1750; Elasped: 0:07:03; ETA: 2:34:05; LR: 5.738e-05; seg_loss: 0.446263
2021-07-13 17:54:56,671 - dist_train.py - INFO: Iter: 1800; Elasped: 0:07:15; ETA: 2:33:51; LR: 5.730e-05; seg_loss: 1.145169
2021-07-13 17:55:08,552 - dist_train.py - INFO: Iter: 1850; Elasped: 0:07:27; ETA: 2:33:37; LR: 5.723e-05; seg_loss: 0.581069
2021-07-13 17:55:20,383 - dist_train.py - INFO: Iter: 1900; Elasped: 0:07:39; ETA: 2:33:24; LR: 5.715e-05; seg_loss: 0.112099
2021-07-13 17:55:32,625 - dist_train.py - INFO: Iter: 1950; Elasped: 0:07:51; ETA: 2:33:10; LR: 5.708e-05; seg_loss: 0.268138
2021-07-13 17:55:44,729 - dist_train.py - INFO: Iter: 2000; Elasped: 0:08:03; ETA: 2:32:57; LR: 5.700e-05; seg_loss: 0.286295
2021-07-13 17:55:56,796 - dist_train.py - INFO: Iter: 2050; Elasped: 0:08:15; ETA: 2:32:43; LR: 5.693e-05; seg_loss: 0.290608
2021-07-13 17:56:08,803 - dist_train.py - INFO: Iter: 2100; Elasped: 0:08:27; ETA: 2:32:30; LR: 5.685e-05; seg_loss: 0.176217
2021-07-13 17:56:20,708 - dist_train.py - INFO: Iter: 2150; Elasped: 0:08:39; ETA: 2:32:16; LR: 5.678e-05; seg_loss: 0.288826
2021-07-13 17:56:32,772 - dist_train.py - INFO: Iter: 2200; Elasped: 0:08:51; ETA: 2:32:03; LR: 5.670e-05; seg_loss: 0.240140
2021-07-13 17:56:44,847 - dist_train.py - INFO: Iter: 2250; Elasped: 0:09:03; ETA: 2:31:50; LR: 5.663e-05; seg_loss: 0.407667
2021-07-13 17:56:56,691 - dist_train.py - INFO: Iter: 2300; Elasped: 0:09:15; ETA: 2:31:37; LR: 5.655e-05; seg_loss: 0.488546
2021-07-13 17:57:08,244 - dist_train.py - INFO: Iter: 2350; Elasped: 0:09:27; ETA: 2:31:24; LR: 5.648e-05; seg_loss: 0.498338
2021-07-13 17:57:20,901 - dist_train.py - INFO: Iter: 2400; Elasped: 0:09:39; ETA: 2:31:11; LR: 5.640e-05; seg_loss: 0.199965
2021-07-13 17:57:32,994 - dist_train.py - INFO: Iter: 2450; Elasped: 0:09:51; ETA: 2:30:57; LR: 5.633e-05; seg_loss: 0.799737
2021-07-13 17:57:45,091 - dist_train.py - INFO: Iter: 2500; Elasped: 0:10:04; ETA: 2:31:00; LR: 5.625e-05; seg_loss: 0.233288
2021-07-13 17:57:57,083 - dist_train.py - INFO: Iter: 2550; Elasped: 0:10:16; ETA: 2:30:46; LR: 5.618e-05; seg_loss: 0.135255
2021-07-13 17:58:09,145 - dist_train.py - INFO: Iter: 2600; Elasped: 0:10:28; ETA: 2:30:33; LR: 5.610e-05; seg_loss: 0.328166
2021-07-13 17:58:21,372 - dist_train.py - INFO: Iter: 2650; Elasped: 0:10:40; ETA: 2:30:20; LR: 5.603e-05; seg_loss: 0.185294
2021-07-13 17:58:33,341 - dist_train.py - INFO: Iter: 2700; Elasped: 0:10:52; ETA: 2:30:07; LR: 5.595e-05; seg_loss: 0.181779
2021-07-13 17:58:45,532 - dist_train.py - INFO: Iter: 2750; Elasped: 0:11:04; ETA: 2:29:54; LR: 5.588e-05; seg_loss: 0.203446
2021-07-13 17:58:57,394 - dist_train.py - INFO: Iter: 2800; Elasped: 0:11:16; ETA: 2:29:41; LR: 5.580e-05; seg_loss: 0.228283
2021-07-13 17:59:09,323 - dist_train.py - INFO: Iter: 2850; Elasped: 0:11:28; ETA: 2:29:28; LR: 5.573e-05; seg_loss: 0.309680
2021-07-13 17:59:21,386 - dist_train.py - INFO: Iter: 2900; Elasped: 0:11:40; ETA: 2:29:15; LR: 5.565e-05; seg_loss: 0.190704
2021-07-13 17:59:33,367 - dist_train.py - INFO: Iter: 2950; Elasped: 0:11:52; ETA: 2:29:02; LR: 5.558e-05; seg_loss: 0.134649
2021-07-13 17:59:45,472 - dist_train.py - INFO: Iter: 3000; Elasped: 0:12:04; ETA: 2:28:49; LR: 5.550e-05; seg_loss: 0.172219
2021-07-13 17:59:57,481 - dist_train.py - INFO: Iter: 3050; Elasped: 0:12:16; ETA: 2:28:36; LR: 5.543e-05; seg_loss: 0.360285
2021-07-13 18:00:09,484 - dist_train.py - INFO: Iter: 3100; Elasped: 0:12:28; ETA: 2:28:23; LR: 5.535e-05; seg_loss: 0.236867
2021-07-13 18:00:21,581 - dist_train.py - INFO: Iter: 3150; Elasped: 0:12:40; ETA: 2:28:10; LR: 5.528e-05; seg_loss: 0.587466
2021-07-13 18:00:33,600 - dist_train.py - INFO: Iter: 3200; Elasped: 0:12:52; ETA: 2:27:58; LR: 5.520e-05; seg_loss: 0.232869
2021-07-13 18:00:45,335 - dist_train.py - INFO: Iter: 3250; Elasped: 0:13:04; ETA: 2:27:45; LR: 5.513e-05; seg_loss: 0.197709
2021-07-13 18:00:57,318 - dist_train.py - INFO: Iter: 3300; Elasped: 0:13:16; ETA: 2:27:32; LR: 5.505e-05; seg_loss: 0.360455
2021-07-13 18:01:09,378 - dist_train.py - INFO: Iter: 3350; Elasped: 0:13:28; ETA: 2:27:19; LR: 5.498e-05; seg_loss: 0.226484
2021-07-13 18:01:21,425 - dist_train.py - INFO: Iter: 3400; Elasped: 0:13:40; ETA: 2:27:07; LR: 5.490e-05; seg_loss: 0.130200
2021-07-13 18:01:33,303 - dist_train.py - INFO: Iter: 3450; Elasped: 0:13:52; ETA: 2:26:54; LR: 5.483e-05; seg_loss: 0.243403
2021-07-13 18:01:45,254 - dist_train.py - INFO: Iter: 3500; Elasped: 0:14:04; ETA: 2:26:41; LR: 5.475e-05; seg_loss: 0.216233
2021-07-13 18:01:57,602 - dist_train.py - INFO: Iter: 3550; Elasped: 0:14:16; ETA: 2:26:29; LR: 5.468e-05; seg_loss: 0.223719
2021-07-13 18:02:09,691 - dist_train.py - INFO: Iter: 3600; Elasped: 0:14:28; ETA: 2:26:16; LR: 5.460e-05; seg_loss: 0.216296
2021-07-13 18:02:21,648 - dist_train.py - INFO: Iter: 3650; Elasped: 0:14:40; ETA: 2:26:03; LR: 5.453e-05; seg_loss: 0.453320
2021-07-13 18:02:33,650 - dist_train.py - INFO: Iter: 3700; Elasped: 0:14:52; ETA: 2:25:51; LR: 5.445e-05; seg_loss: 0.362370
2021-07-13 18:02:45,219 - dist_train.py - INFO: Iter: 3750; Elasped: 0:15:04; ETA: 2:25:38; LR: 5.438e-05; seg_loss: 0.507429
2021-07-13 18:02:57,230 - dist_train.py - INFO: Iter: 3800; Elasped: 0:15:16; ETA: 2:25:26; LR: 5.430e-05; seg_loss: 0.159060
2021-07-13 18:03:09,324 - dist_train.py - INFO: Iter: 3850; Elasped: 0:15:28; ETA: 2:25:13; LR: 5.423e-05; seg_loss: 0.165528
2021-07-13 18:03:21,527 - dist_train.py - INFO: Iter: 3900; Elasped: 0:15:40; ETA: 2:25:01; LR: 5.415e-05; seg_loss: 0.451362
2021-07-13 18:03:33,703 - dist_train.py - INFO: Iter: 3950; Elasped: 0:15:52; ETA: 2:24:48; LR: 5.408e-05; seg_loss: 0.427513
2021-07-13 18:03:45,543 - dist_train.py - INFO: Iter: 4000; Elasped: 0:16:04; ETA: 2:24:36; LR: 5.400e-05; seg_loss: 0.136496
2021-07-13 18:03:57,350 - dist_train.py - INFO: Iter: 4050; Elasped: 0:16:16; ETA: 2:24:23; LR: 5.393e-05; seg_loss: 0.272482
2021-07-13 18:04:09,223 - dist_train.py - INFO: Iter: 4100; Elasped: 0:16:28; ETA: 2:24:11; LR: 5.385e-05; seg_loss: 0.291369
2021-07-13 18:04:21,006 - dist_train.py - INFO: Iter: 4150; Elasped: 0:16:40; ETA: 2:23:58; LR: 5.378e-05; seg_loss: 0.063041
2021-07-13 18:04:32,963 - dist_train.py - INFO: Iter: 4200; Elasped: 0:16:51; ETA: 2:23:37; LR: 5.370e-05; seg_loss: 1.173120
2021-07-13 18:04:45,015 - dist_train.py - INFO: Iter: 4250; Elasped: 0:17:04; ETA: 2:23:33; LR: 5.363e-05; seg_loss: 0.937010
2021-07-13 18:04:57,074 - dist_train.py - INFO: Iter: 4300; Elasped: 0:17:16; ETA: 2:23:21; LR: 5.355e-05; seg_loss: 0.398989
2021-07-13 18:05:08,846 - dist_train.py - INFO: Iter: 4350; Elasped: 0:17:27; ETA: 2:23:00; LR: 5.348e-05; seg_loss: 0.291761
2021-07-13 18:05:20,889 - dist_train.py - INFO: Iter: 4400; Elasped: 0:17:39; ETA: 2:22:48; LR: 5.340e-05; seg_loss: 0.292907
2021-07-13 18:05:32,740 - dist_train.py - INFO: Iter: 4450; Elasped: 0:17:51; ETA: 2:22:35; LR: 5.333e-05; seg_loss: 0.100774
2021-07-13 18:05:44,596 - dist_train.py - INFO: Iter: 4500; Elasped: 0:18:03; ETA: 2:22:23; LR: 5.325e-05; seg_loss: 0.469938
2021-07-13 18:05:56,602 - dist_train.py - INFO: Iter: 4550; Elasped: 0:18:15; ETA: 2:22:11; LR: 5.318e-05; seg_loss: 0.195545
2021-07-13 18:06:08,635 - dist_train.py - INFO: Iter: 4600; Elasped: 0:18:27; ETA: 2:21:59; LR: 5.310e-05; seg_loss: 0.518609
2021-07-13 18:06:20,664 - dist_train.py - INFO: Iter: 4650; Elasped: 0:18:39; ETA: 2:21:46; LR: 5.303e-05; seg_loss: 0.286528
2021-07-13 18:06:32,196 - dist_train.py - INFO: Iter: 4700; Elasped: 0:18:51; ETA: 2:21:34; LR: 5.295e-05; seg_loss: 0.183634
2021-07-13 18:06:44,650 - dist_train.py - INFO: Iter: 4750; Elasped: 0:19:03; ETA: 2:21:22; LR: 5.288e-05; seg_loss: 0.805448
2021-07-13 18:06:56,636 - dist_train.py - INFO: Iter: 4800; Elasped: 0:19:15; ETA: 2:21:10; LR: 5.280e-05; seg_loss: 0.221715
2021-07-13 18:07:08,604 - dist_train.py - INFO: Iter: 4850; Elasped: 0:19:27; ETA: 2:20:57; LR: 5.273e-05; seg_loss: 0.388861
2021-07-13 18:07:20,486 - dist_train.py - INFO: Iter: 4900; Elasped: 0:19:39; ETA: 2:20:45; LR: 5.265e-05; seg_loss: 0.258486
2021-07-13 18:07:32,555 - dist_train.py - INFO: Iter: 4950; Elasped: 0:19:51; ETA: 2:20:33; LR: 5.258e-05; seg_loss: 0.260987
2021-07-13 18:07:44,457 - dist_train.py - INFO: Iter: 5000; Elasped: 0:20:03; ETA: 2:20:21; LR: 5.250e-05; seg_loss: 0.133305
2021-07-13 18:07:44,458 - dist_train.py - INFO: Validating...
2021-07-13 18:08:16,865 - dist_train.py - INFO: {'Pixel Accuracy': 0.9089309721509472, 'Mean Accuracy': 0.8151097663218878, 'Mean IoU': 0.6396998417505095, 'Class IoU': {0: 0.9044501222560292, 1: 0.7515839937681903, 2: 0.35019128781640135, 3: 0.7133535509702483, 4: 0.5952527722311852, 5: 0.6567106158528213, 6: 0.7564300548771076, 7: 0.7333444964080142, 8: 0.8308679938652425, 9: 0.24618358070919005, 10: 0.725342892384195, 11: 0.4716086495298603, 12: 0.7445337496088636, 13: 0.7235324851220729, 14: 0.6949350941855994, 15: 0.777284587335504, 16: 0.513855590593391, 17: 0.6788747671625069, 18: 0.44569601994759794, 19: 0.7431052930325281, 20: 0.376559079104153}}
2021-07-13 18:08:29,009 - dist_train.py - INFO: Iter: 5050; Elasped: 0:20:48; ETA: 2:23:57; LR: 5.243e-05; seg_loss: 0.465495
2021-07-13 18:08:40,547 - dist_train.py - INFO: Iter: 5100; Elasped: 0:20:59; ETA: 2:23:35; LR: 5.235e-05; seg_loss: 0.151645
2021-07-13 18:08:51,971 - dist_train.py - INFO: Iter: 5150; Elasped: 0:21:10; ETA: 2:23:14; LR: 5.228e-05; seg_loss: 0.023149
2021-07-13 18:09:03,467 - dist_train.py - INFO: Iter: 5200; Elasped: 0:21:22; ETA: 2:22:59; LR: 5.220e-05; seg_loss: 0.128511
2021-07-13 18:09:14,958 - dist_train.py - INFO: Iter: 5250; Elasped: 0:21:33; ETA: 2:22:38; LR: 5.213e-05; seg_loss: 0.172023
2021-07-13 18:09:26,335 - dist_train.py - INFO: Iter: 5300; Elasped: 0:21:45; ETA: 2:22:24; LR: 5.205e-05; seg_loss: 0.210497
2021-07-13 18:09:37,905 - dist_train.py - INFO: Iter: 5350; Elasped: 0:21:56; ETA: 2:22:03; LR: 5.198e-05; seg_loss: 0.115214
2021-07-13 18:09:49,404 - dist_train.py - INFO: Iter: 5400; Elasped: 0:22:08; ETA: 2:21:49; LR: 5.190e-05; seg_loss: 0.062914
2021-07-13 18:10:00,964 - dist_train.py - INFO: Iter: 5450; Elasped: 0:22:19; ETA: 2:21:28; LR: 5.183e-05; seg_loss: 0.070006
2021-07-13 18:10:12,427 - dist_train.py - INFO: Iter: 5500; Elasped: 0:22:31; ETA: 2:21:14; LR: 5.175e-05; seg_loss: 0.393363
2021-07-13 18:10:23,835 - dist_train.py - INFO: Iter: 5550; Elasped: 0:22:42; ETA: 2:20:54; LR: 5.168e-05; seg_loss: 0.213388
2021-07-13 18:10:35,382 - dist_train.py - INFO: Iter: 5600; Elasped: 0:22:54; ETA: 2:20:40; LR: 5.160e-05; seg_loss: 0.098166
2021-07-13 18:10:47,003 - dist_train.py - INFO: Iter: 5650; Elasped: 0:23:06; ETA: 2:20:26; LR: 5.153e-05; seg_loss: 0.227283
2021-07-13 18:10:58,518 - dist_train.py - INFO: Iter: 5700; Elasped: 0:23:17; ETA: 2:20:06; LR: 5.145e-05; seg_loss: 0.433639
2021-07-13 18:11:10,072 - dist_train.py - INFO: Iter: 5750; Elasped: 0:23:29; ETA: 2:19:52; LR: 5.138e-05; seg_loss: 0.194226
2021-07-13 18:11:21,554 - dist_train.py - INFO: Iter: 5800; Elasped: 0:23:40; ETA: 2:19:33; LR: 5.130e-05; seg_loss: 0.082439
2021-07-13 18:11:33,104 - dist_train.py - INFO: Iter: 5850; Elasped: 0:23:52; ETA: 2:19:19; LR: 5.123e-05; seg_loss: 0.658944
2021-07-13 18:11:44,828 - dist_train.py - INFO: Iter: 5900; Elasped: 0:24:03; ETA: 2:19:00; LR: 5.115e-05; seg_loss: 0.075181
2021-07-13 18:11:56,163 - dist_train.py - INFO: Iter: 5950; Elasped: 0:24:15; ETA: 2:18:46; LR: 5.108e-05; seg_loss: 0.218904
2021-07-13 18:12:07,688 - dist_train.py - INFO: Iter: 6000; Elasped: 0:24:26; ETA: 2:18:27; LR: 5.100e-05; seg_loss: 0.064204
2021-07-13 18:12:19,183 - dist_train.py - INFO: Iter: 6050; Elasped: 0:24:38; ETA: 2:18:13; LR: 5.093e-05; seg_loss: 0.220987
2021-07-13 18:12:30,532 - dist_train.py - INFO: Iter: 6100; Elasped: 0:24:49; ETA: 2:17:54; LR: 5.085e-05; seg_loss: 0.176214
2021-07-13 18:12:42,191 - dist_train.py - INFO: Iter: 6150; Elasped: 0:25:01; ETA: 2:17:41; LR: 5.078e-05; seg_loss: 0.052559
2021-07-13 18:12:53,795 - dist_train.py - INFO: Iter: 6200; Elasped: 0:25:12; ETA: 2:17:22; LR: 5.070e-05; seg_loss: 0.478847
2021-07-13 18:13:05,500 - dist_train.py - INFO: Iter: 6250; Elasped: 0:25:24; ETA: 2:17:09; LR: 5.063e-05; seg_loss: 0.339330
2021-07-13 18:13:17,155 - dist_train.py - INFO: Iter: 6300; Elasped: 0:25:36; ETA: 2:16:56; LR: 5.055e-05; seg_loss: 0.256820
2021-07-13 18:13:28,665 - dist_train.py - INFO: Iter: 6350; Elasped: 0:25:47; ETA: 2:16:37; LR: 5.048e-05; seg_loss: 0.085993
2021-07-13 18:13:40,230 - dist_train.py - INFO: Iter: 6400; Elasped: 0:25:59; ETA: 2:16:24; LR: 5.040e-05; seg_loss: 0.204309
2021-07-13 18:13:51,713 - dist_train.py - INFO: Iter: 6450; Elasped: 0:26:10; ETA: 2:16:06; LR: 5.033e-05; seg_loss: 0.129536
2021-07-13 18:14:03,214 - dist_train.py - INFO: Iter: 6500; Elasped: 0:26:22; ETA: 2:15:53; LR: 5.025e-05; seg_loss: 0.069294
2021-07-13 18:14:14,773 - dist_train.py - INFO: Iter: 6550; Elasped: 0:26:33; ETA: 2:15:35; LR: 5.018e-05; seg_loss: 0.434993
2021-07-13 18:14:26,126 - dist_train.py - INFO: Iter: 6600; Elasped: 0:26:45; ETA: 2:15:22; LR: 5.010e-05; seg_loss: 0.186624
2021-07-13 18:14:37,714 - dist_train.py - INFO: Iter: 6650; Elasped: 0:26:56; ETA: 2:15:04; LR: 5.003e-05; seg_loss: 0.069129
2021-07-13 18:14:49,245 - dist_train.py - INFO: Iter: 6700; Elasped: 0:27:08; ETA: 2:14:51; LR: 4.995e-05; seg_loss: 0.165862
2021-07-13 18:15:00,759 - dist_train.py - INFO: Iter: 6750; Elasped: 0:27:19; ETA: 2:14:33; LR: 4.988e-05; seg_loss: 0.310373
2021-07-13 18:15:12,218 - dist_train.py - INFO: Iter: 6800; Elasped: 0:27:31; ETA: 2:14:20; LR: 4.980e-05; seg_loss: 0.248957
2021-07-13 18:15:23,727 - dist_train.py - INFO: Iter: 6850; Elasped: 0:27:42; ETA: 2:14:03; LR: 4.973e-05; seg_loss: 0.168734
2021-07-13 18:15:35,236 - dist_train.py - INFO: Iter: 6900; Elasped: 0:27:54; ETA: 2:13:50; LR: 4.965e-05; seg_loss: 0.167781
2021-07-13 18:15:46,843 - dist_train.py - INFO: Iter: 6950; Elasped: 0:28:05; ETA: 2:13:32; LR: 4.958e-05; seg_loss: 0.167263
2021-07-13 18:15:58,371 - dist_train.py - INFO: Iter: 7000; Elasped: 0:28:17; ETA: 2:13:20; LR: 4.950e-05; seg_loss: 0.177855
2021-07-13 18:16:09,924 - dist_train.py - INFO: Iter: 7050; Elasped: 0:28:28; ETA: 2:13:02; LR: 4.943e-05; seg_loss: 0.198982
2021-07-13 18:16:22,263 - dist_train.py - INFO: Iter: 7100; Elasped: 0:28:41; ETA: 2:12:54; LR: 4.935e-05; seg_loss: 0.272300
2021-07-13 18:16:33,628 - dist_train.py - INFO: Iter: 7150; Elasped: 0:28:52; ETA: 2:12:37; LR: 4.928e-05; seg_loss: 0.347820
2021-07-13 18:16:45,217 - dist_train.py - INFO: Iter: 7200; Elasped: 0:29:04; ETA: 2:12:24; LR: 4.920e-05; seg_loss: 0.417736
2021-07-13 18:16:56,655 - dist_train.py - INFO: Iter: 7250; Elasped: 0:29:15; ETA: 2:12:07; LR: 4.913e-05; seg_loss: 0.205056
2021-07-13 18:17:08,229 - dist_train.py - INFO: Iter: 7300; Elasped: 0:29:27; ETA: 2:11:55; LR: 4.905e-05; seg_loss: 0.150842
2021-07-13 18:17:19,672 - dist_train.py - INFO: Iter: 7350; Elasped: 0:29:38; ETA: 2:11:38; LR: 4.898e-05; seg_loss: 0.321544
2021-07-13 18:17:31,088 - dist_train.py - INFO: Iter: 7400; Elasped: 0:29:50; ETA: 2:11:25; LR: 4.890e-05; seg_loss: 0.155052
2021-07-13 18:17:42,752 - dist_train.py - INFO: Iter: 7450; Elasped: 0:30:01; ETA: 2:11:08; LR: 4.883e-05; seg_loss: 0.479199
2021-07-13 18:17:54,420 - dist_train.py - INFO: Iter: 7500; Elasped: 0:30:13; ETA: 2:10:56; LR: 4.875e-05; seg_loss: 0.125470
2021-07-13 18:18:06,068 - dist_train.py - INFO: Iter: 7550; Elasped: 0:30:25; ETA: 2:10:43; LR: 4.868e-05; seg_loss: 0.224300
2021-07-13 18:18:17,422 - dist_train.py - INFO: Iter: 7600; Elasped: 0:30:36; ETA: 2:10:27; LR: 4.860e-05; seg_loss: 0.134653
2021-07-13 18:18:28,810 - dist_train.py - INFO: Iter: 7650; Elasped: 0:30:47; ETA: 2:10:10; LR: 4.853e-05; seg_loss: 0.230812
2021-07-13 18:18:40,540 - dist_train.py - INFO: Iter: 7700; Elasped: 0:30:59; ETA: 2:09:58; LR: 4.845e-05; seg_loss: 0.062385
2021-07-13 18:18:52,254 - dist_train.py - INFO: Iter: 7750; Elasped: 0:31:11; ETA: 2:09:45; LR: 4.838e-05; seg_loss: 0.081276
2021-07-13 18:19:03,839 - dist_train.py - INFO: Iter: 7800; Elasped: 0:31:22; ETA: 2:09:29; LR: 4.830e-05; seg_loss: 0.195834
2021-07-13 18:19:15,384 - dist_train.py - INFO: Iter: 7850; Elasped: 0:31:34; ETA: 2:09:16; LR: 4.823e-05; seg_loss: 0.081122
2021-07-13 18:19:26,837 - dist_train.py - INFO: Iter: 7900; Elasped: 0:31:45; ETA: 2:09:00; LR: 4.815e-05; seg_loss: 0.091455
2021-07-13 18:19:38,342 - dist_train.py - INFO: Iter: 7950; Elasped: 0:31:57; ETA: 2:08:48; LR: 4.808e-05; seg_loss: 0.289507
2021-07-13 18:19:49,953 - dist_train.py - INFO: Iter: 8000; Elasped: 0:32:08; ETA: 2:08:32; LR: 4.800e-05; seg_loss: 0.095507
2021-07-13 18:20:01,592 - dist_train.py - INFO: Iter: 8050; Elasped: 0:32:20; ETA: 2:08:19; LR: 4.793e-05; seg_loss: 0.866226
2021-07-13 18:20:13,050 - dist_train.py - INFO: Iter: 8100; Elasped: 0:32:32; ETA: 2:08:07; LR: 4.785e-05; seg_loss: 0.815784
2021-07-13 18:20:24,455 - dist_train.py - INFO: Iter: 8150; Elasped: 0:32:43; ETA: 2:07:51; LR: 4.778e-05; seg_loss: 0.263539
2021-07-13 18:20:36,057 - dist_train.py - INFO: Iter: 8200; Elasped: 0:32:55; ETA: 2:07:39; LR: 4.770e-05; seg_loss: 0.115303
2021-07-13 18:20:47,691 - dist_train.py - INFO: Iter: 8250; Elasped: 0:33:06; ETA: 2:07:23; LR: 4.763e-05; seg_loss: 0.162625
2021-07-13 18:20:59,313 - dist_train.py - INFO: Iter: 8300; Elasped: 0:33:18; ETA: 2:07:10; LR: 4.755e-05; seg_loss: 0.114246
2021-07-13 18:21:10,938 - dist_train.py - INFO: Iter: 8350; Elasped: 0:33:29; ETA: 2:06:54; LR: 4.748e-05; seg_loss: 0.088993
2021-07-13 18:21:22,529 - dist_train.py - INFO: Iter: 8400; Elasped: 0:33:41; ETA: 2:06:42; LR: 4.740e-05; seg_loss: 0.045020
2021-07-13 18:21:33,984 - dist_train.py - INFO: Iter: 8450; Elasped: 0:33:52; ETA: 2:06:26; LR: 4.733e-05; seg_loss: 0.121124
2021-07-13 18:21:45,569 - dist_train.py - INFO: Iter: 8500; Elasped: 0:34:04; ETA: 2:06:14; LR: 4.725e-05; seg_loss: 0.264061
2021-07-13 18:21:57,167 - dist_train.py - INFO: Iter: 8550; Elasped: 0:34:16; ETA: 2:06:02; LR: 4.718e-05; seg_loss: 0.056126
2021-07-13 18:22:08,898 - dist_train.py - INFO: Iter: 8600; Elasped: 0:34:27; ETA: 2:05:46; LR: 4.710e-05; seg_loss: 0.209159
2021-07-13 18:22:20,435 - dist_train.py - INFO: Iter: 8650; Elasped: 0:34:39; ETA: 2:05:34; LR: 4.703e-05; seg_loss: 0.295892
2021-07-13 18:22:31,964 - dist_train.py - INFO: Iter: 8700; Elasped: 0:34:50; ETA: 2:05:19; LR: 4.695e-05; seg_loss: 0.045688
2021-07-13 18:22:43,246 - dist_train.py - INFO: Iter: 8750; Elasped: 0:35:02; ETA: 2:05:07; LR: 4.688e-05; seg_loss: 0.241977
2021-07-13 18:22:54,760 - dist_train.py - INFO: Iter: 8800; Elasped: 0:35:13; ETA: 2:04:51; LR: 4.680e-05; seg_loss: 0.160622
2021-07-13 18:23:06,352 - dist_train.py - INFO: Iter: 8850; Elasped: 0:35:25; ETA: 2:04:39; LR: 4.673e-05; seg_loss: 0.216898
2021-07-13 18:23:17,908 - dist_train.py - INFO: Iter: 8900; Elasped: 0:35:36; ETA: 2:04:24; LR: 4.665e-05; seg_loss: 0.204061
2021-07-13 18:23:29,488 - dist_train.py - INFO: Iter: 8950; Elasped: 0:35:48; ETA: 2:04:12; LR: 4.658e-05; seg_loss: 0.065082
2021-07-13 18:23:41,202 - dist_train.py - INFO: Iter: 9000; Elasped: 0:36:00; ETA: 2:04:00; LR: 4.650e-05; seg_loss: 0.064375
2021-07-13 18:23:52,724 - dist_train.py - INFO: Iter: 9050; Elasped: 0:36:11; ETA: 2:03:44; LR: 4.643e-05; seg_loss: 0.295029
2021-07-13 18:24:04,309 - dist_train.py - INFO: Iter: 9100; Elasped: 0:36:23; ETA: 2:03:32; LR: 4.635e-05; seg_loss: 0.044538
2021-07-13 18:24:15,628 - dist_train.py - INFO: Iter: 9150; Elasped: 0:36:34; ETA: 2:03:17; LR: 4.628e-05; seg_loss: 0.298687
2021-07-13 18:24:27,330 - dist_train.py - INFO: Iter: 9200; Elasped: 0:36:46; ETA: 2:03:05; LR: 4.620e-05; seg_loss: 0.722747
2021-07-13 18:24:38,895 - dist_train.py - INFO: Iter: 9250; Elasped: 0:36:57; ETA: 2:02:50; LR: 4.613e-05; seg_loss: 0.470710
2021-07-13 18:24:50,224 - dist_train.py - INFO: Iter: 9300; Elasped: 0:37:09; ETA: 2:02:38; LR: 4.605e-05; seg_loss: 0.164623
2021-07-13 18:25:01,708 - dist_train.py - INFO: Iter: 9350; Elasped: 0:37:20; ETA: 2:02:22; LR: 4.598e-05; seg_loss: 0.221050
2021-07-13 18:25:13,145 - dist_train.py - INFO: Iter: 9400; Elasped: 0:37:32; ETA: 2:02:10; LR: 4.590e-05; seg_loss: 0.141157
2021-07-13 18:25:25,199 - dist_train.py - INFO: Iter: 9450; Elasped: 0:37:44; ETA: 2:01:59; LR: 4.583e-05; seg_loss: 0.047364
2021-07-13 18:25:36,756 - dist_train.py - INFO: Iter: 9500; Elasped: 0:37:55; ETA: 2:01:43; LR: 4.575e-05; seg_loss: 0.127596
2021-07-13 18:25:48,459 - dist_train.py - INFO: Iter: 9550; Elasped: 0:38:07; ETA: 2:01:32; LR: 4.568e-05; seg_loss: 0.057284
2021-07-13 18:25:59,974 - dist_train.py - INFO: Iter: 9600; Elasped: 0:38:18; ETA: 2:01:17; LR: 4.560e-05; seg_loss: 0.108478
2021-07-13 18:26:11,462 - dist_train.py - INFO: Iter: 9650; Elasped: 0:38:30; ETA: 2:01:05; LR: 4.553e-05; seg_loss: 0.042615
2021-07-13 18:26:23,011 - dist_train.py - INFO: Iter: 9700; Elasped: 0:38:42; ETA: 2:00:53; LR: 4.545e-05; seg_loss: 0.112907
2021-07-13 18:26:34,559 - dist_train.py - INFO: Iter: 9750; Elasped: 0:38:53; ETA: 2:00:38; LR: 4.538e-05; seg_loss: 0.178421
2021-07-13 18:26:46,250 - dist_train.py - INFO: Iter: 9800; Elasped: 0:39:05; ETA: 2:00:26; LR: 4.530e-05; seg_loss: 0.067328
2021-07-13 18:26:57,796 - dist_train.py - INFO: Iter: 9850; Elasped: 0:39:16; ETA: 2:00:11; LR: 4.523e-05; seg_loss: 0.297566
2021-07-13 18:27:09,387 - dist_train.py - INFO: Iter: 9900; Elasped: 0:39:28; ETA: 1:59:59; LR: 4.515e-05; seg_loss: 0.109829
2021-07-13 18:27:20,783 - dist_train.py - INFO: Iter: 9950; Elasped: 0:39:39; ETA: 1:59:44; LR: 4.508e-05; seg_loss: 0.183472
2021-07-13 18:27:32,453 - dist_train.py - INFO: Iter: 10000; Elasped: 0:39:51; ETA: 1:59:33; LR: 4.500e-05; seg_loss: 0.041823
2021-07-13 18:27:32,454 - dist_train.py - INFO: Validating...
2021-07-13 18:28:05,731 - dist_train.py - INFO: {'Pixel Accuracy': 0.9258614805938727, 'Mean Accuracy': 0.8091789962936541, 'Mean IoU': 0.6867548791311939, 'Class IoU': {0: 0.9184884136697911, 1: 0.8972819515169517, 2: 0.33161974298671804, 3: 0.7182994017688727, 4: 0.6595712797749971, 5: 0.5922041767534357, 6: 0.8670832224467004, 7: 0.8325625358674004, 8: 0.8834611418760547, 9: 0.18950807326851093, 10: 0.854845409042448, 11: 0.2362298595206269, 12: 0.8389579143460928, 13: 0.790771307949525, 14: 0.7728357383741081, 15: 0.7969180840889691, 16: 0.5771973762832845, 17: 0.8359302901684297, 18: 0.3923996623884582, 19: 0.8405341530852659, 20: 0.5951527265784337}}
2021-07-13 18:28:17,237 - dist_train.py - INFO: Iter: 10050; Elasped: 0:40:36; ETA: 2:00:59; LR: 4.493e-05; seg_loss: 0.213655
2021-07-13 18:28:28,930 - dist_train.py - INFO: Iter: 10100; Elasped: 0:40:47; ETA: 2:00:44; LR: 4.485e-05; seg_loss: 0.049146
2021-07-13 18:28:40,392 - dist_train.py - INFO: Iter: 10150; Elasped: 0:40:59; ETA: 2:00:31; LR: 4.478e-05; seg_loss: 0.153489
2021-07-13 18:28:52,089 - dist_train.py - INFO: Iter: 10200; Elasped: 0:41:11; ETA: 2:00:19; LR: 4.470e-05; seg_loss: 0.358931
2021-07-13 18:29:03,723 - dist_train.py - INFO: Iter: 10250; Elasped: 0:41:22; ETA: 2:00:03; LR: 4.463e-05; seg_loss: 0.170736
2021-07-13 18:29:15,255 - dist_train.py - INFO: Iter: 10300; Elasped: 0:41:34; ETA: 1:59:51; LR: 4.455e-05; seg_loss: 0.114764
2021-07-13 18:29:26,789 - dist_train.py - INFO: Iter: 10350; Elasped: 0:41:45; ETA: 1:59:36; LR: 4.448e-05; seg_loss: 0.059410
2021-07-13 18:29:38,362 - dist_train.py - INFO: Iter: 10400; Elasped: 0:41:57; ETA: 1:59:23; LR: 4.440e-05; seg_loss: 0.235375
2021-07-13 18:29:50,095 - dist_train.py - INFO: Iter: 10450; Elasped: 0:42:09; ETA: 1:59:11; LR: 4.433e-05; seg_loss: 0.047557
2021-07-13 18:30:01,535 - dist_train.py - INFO: Iter: 10500; Elasped: 0:42:20; ETA: 1:58:56; LR: 4.425e-05; seg_loss: 0.187285
2021-07-13 18:30:13,199 - dist_train.py - INFO: Iter: 10550; Elasped: 0:42:32; ETA: 1:58:43; LR: 4.418e-05; seg_loss: 0.104285
2021-07-13 18:30:25,396 - dist_train.py - INFO: Iter: 10600; Elasped: 0:42:44; ETA: 1:58:31; LR: 4.410e-05; seg_loss: 0.113508
2021-07-13 18:30:37,105 - dist_train.py - INFO: Iter: 10650; Elasped: 0:42:56; ETA: 1:58:19; LR: 4.403e-05; seg_loss: 0.161432
2021-07-13 18:30:48,592 - dist_train.py - INFO: Iter: 10700; Elasped: 0:43:07; ETA: 1:58:04; LR: 4.395e-05; seg_loss: 0.405966
2021-07-13 18:31:00,206 - dist_train.py - INFO: Iter: 10750; Elasped: 0:43:19; ETA: 1:57:51; LR: 4.388e-05; seg_loss: 0.370893
2021-07-13 18:31:11,820 - dist_train.py - INFO: Iter: 10800; Elasped: 0:43:30; ETA: 1:57:36; LR: 4.380e-05; seg_loss: 0.082305
2021-07-13 18:31:23,338 - dist_train.py - INFO: Iter: 10850; Elasped: 0:43:42; ETA: 1:57:24; LR: 4.373e-05; seg_loss: 0.172365
2021-07-13 18:31:34,910 - dist_train.py - INFO: Iter: 10900; Elasped: 0:43:53; ETA: 1:57:09; LR: 4.365e-05; seg_loss: 0.273808
2021-07-13 18:31:46,497 - dist_train.py - INFO: Iter: 10950; Elasped: 0:44:05; ETA: 1:56:57; LR: 4.358e-05; seg_loss: 0.203415
2021-07-13 18:31:58,076 - dist_train.py - INFO: Iter: 11000; Elasped: 0:44:17; ETA: 1:56:44; LR: 4.350e-05; seg_loss: 0.111573
2021-07-13 18:32:09,663 - dist_train.py - INFO: Iter: 11050; Elasped: 0:44:28; ETA: 1:56:29; LR: 4.343e-05; seg_loss: 0.371903
2021-07-13 18:32:21,190 - dist_train.py - INFO: Iter: 11100; Elasped: 0:44:40; ETA: 1:56:17; LR: 4.335e-05; seg_loss: 0.084860
2021-07-13 18:32:32,595 - dist_train.py - INFO: Iter: 11150; Elasped: 0:44:51; ETA: 1:56:02; LR: 4.328e-05; seg_loss: 0.116994
2021-07-13 18:32:44,035 - dist_train.py - INFO: Iter: 11200; Elasped: 0:45:03; ETA: 1:55:50; LR: 4.320e-05; seg_loss: 0.200370
2021-07-13 18:32:55,606 - dist_train.py - INFO: Iter: 11250; Elasped: 0:45:14; ETA: 1:55:35; LR: 4.313e-05; seg_loss: 0.478285
2021-07-13 18:33:07,225 - dist_train.py - INFO: Iter: 11300; Elasped: 0:45:26; ETA: 1:55:23; LR: 4.305e-05; seg_loss: 0.123096
2021-07-13 18:33:18,994 - dist_train.py - INFO: Iter: 11350; Elasped: 0:45:37; ETA: 1:55:08; LR: 4.298e-05; seg_loss: 0.218590
2021-07-13 18:33:30,612 - dist_train.py - INFO: Iter: 11400; Elasped: 0:45:49; ETA: 1:54:56; LR: 4.290e-05; seg_loss: 0.113032
2021-07-13 18:33:42,110 - dist_train.py - INFO: Iter: 11450; Elasped: 0:46:01; ETA: 1:54:44; LR: 4.283e-05; seg_loss: 0.231401
2021-07-13 18:33:53,582 - dist_train.py - INFO: Iter: 11500; Elasped: 0:46:12; ETA: 1:54:29; LR: 4.275e-05; seg_loss: 0.030567
2021-07-13 18:34:05,045 - dist_train.py - INFO: Iter: 11550; Elasped: 0:46:24; ETA: 1:54:17; LR: 4.268e-05; seg_loss: 0.054198
2021-07-13 18:34:16,738 - dist_train.py - INFO: Iter: 11600; Elasped: 0:46:35; ETA: 1:54:02; LR: 4.260e-05; seg_loss: 0.156832
2021-07-13 18:34:28,433 - dist_train.py - INFO: Iter: 11650; Elasped: 0:46:47; ETA: 1:53:50; LR: 4.253e-05; seg_loss: 0.191190
2021-07-13 18:34:39,826 - dist_train.py - INFO: Iter: 11700; Elasped: 0:46:58; ETA: 1:53:36; LR: 4.245e-05; seg_loss: 0.133744
2021-07-13 18:34:51,281 - dist_train.py - INFO: Iter: 11750; Elasped: 0:47:10; ETA: 1:53:24; LR: 4.238e-05; seg_loss: 0.222455
2021-07-13 18:35:03,232 - dist_train.py - INFO: Iter: 11800; Elasped: 0:47:22; ETA: 1:53:11; LR: 4.230e-05; seg_loss: 0.098745
2021-07-13 18:35:14,625 - dist_train.py - INFO: Iter: 11850; Elasped: 0:47:33; ETA: 1:52:57; LR: 4.223e-05; seg_loss: 0.177827
2021-07-13 18:35:26,127 - dist_train.py - INFO: Iter: 11900; Elasped: 0:47:45; ETA: 1:52:45; LR: 4.215e-05; seg_loss: 0.048629
2021-07-13 18:35:37,619 - dist_train.py - INFO: Iter: 11950; Elasped: 0:47:56; ETA: 1:52:30; LR: 4.208e-05; seg_loss: 0.289613
2021-07-13 18:35:49,155 - dist_train.py - INFO: Iter: 12000; Elasped: 0:48:08; ETA: 1:52:18; LR: 4.200e-05; seg_loss: 0.360647
2021-07-13 18:36:00,813 - dist_train.py - INFO: Iter: 12050; Elasped: 0:48:19; ETA: 1:52:04; LR: 4.193e-05; seg_loss: 0.126871
2021-07-13 18:36:12,290 - dist_train.py - INFO: Iter: 12100; Elasped: 0:48:31; ETA: 1:51:52; LR: 4.185e-05; seg_loss: 0.053962
2021-07-13 18:36:24,053 - dist_train.py - INFO: Iter: 12150; Elasped: 0:48:43; ETA: 1:51:40; LR: 4.178e-05; seg_loss: 0.069835
2021-07-13 18:36:35,721 - dist_train.py - INFO: Iter: 12200; Elasped: 0:48:54; ETA: 1:51:25; LR: 4.170e-05; seg_loss: 0.290919
2021-07-13 18:36:47,209 - dist_train.py - INFO: Iter: 12250; Elasped: 0:49:06; ETA: 1:51:13; LR: 4.163e-05; seg_loss: 0.151237
2021-07-13 18:36:58,664 - dist_train.py - INFO: Iter: 12300; Elasped: 0:49:17; ETA: 1:50:59; LR: 4.155e-05; seg_loss: 0.503882
2021-07-13 18:37:10,212 - dist_train.py - INFO: Iter: 12350; Elasped: 0:49:29; ETA: 1:50:47; LR: 4.148e-05; seg_loss: 0.132631
2021-07-13 18:37:21,636 - dist_train.py - INFO: Iter: 12400; Elasped: 0:49:40; ETA: 1:50:32; LR: 4.140e-05; seg_loss: 0.041882
2021-07-13 18:37:33,237 - dist_train.py - INFO: Iter: 12450; Elasped: 0:49:52; ETA: 1:50:20; LR: 4.133e-05; seg_loss: 0.208021
2021-07-13 18:37:44,762 - dist_train.py - INFO: Iter: 12500; Elasped: 0:50:03; ETA: 1:50:06; LR: 4.125e-05; seg_loss: 0.094436
2021-07-13 18:37:56,454 - dist_train.py - INFO: Iter: 12550; Elasped: 0:50:15; ETA: 1:49:54; LR: 4.118e-05; seg_loss: 0.062203
2021-07-13 18:38:07,963 - dist_train.py - INFO: Iter: 12600; Elasped: 0:50:26; ETA: 1:49:40; LR: 4.110e-05; seg_loss: 0.114951
2021-07-13 18:38:19,556 - dist_train.py - INFO: Iter: 12650; Elasped: 0:50:38; ETA: 1:49:28; LR: 4.103e-05; seg_loss: 0.620252
2021-07-13 18:38:31,120 - dist_train.py - INFO: Iter: 12700; Elasped: 0:50:50; ETA: 1:49:16; LR: 4.095e-05; seg_loss: 0.054792
2021-07-13 18:38:42,764 - dist_train.py - INFO: Iter: 12750; Elasped: 0:51:01; ETA: 1:49:02; LR: 4.088e-05; seg_loss: 0.166952
2021-07-13 18:38:54,281 - dist_train.py - INFO: Iter: 12800; Elasped: 0:51:13; ETA: 1:48:50; LR: 4.080e-05; seg_loss: 0.386195
2021-07-13 18:39:05,929 - dist_train.py - INFO: Iter: 12850; Elasped: 0:51:24; ETA: 1:48:36; LR: 4.073e-05; seg_loss: 0.174774
2021-07-13 18:39:17,528 - dist_train.py - INFO: Iter: 12900; Elasped: 0:51:36; ETA: 1:48:24; LR: 4.065e-05; seg_loss: 0.381888
2021-07-13 18:39:29,422 - dist_train.py - INFO: Iter: 12950; Elasped: 0:51:48; ETA: 1:48:12; LR: 4.058e-05; seg_loss: 0.132551
2021-07-13 18:39:40,803 - dist_train.py - INFO: Iter: 13000; Elasped: 0:51:59; ETA: 1:47:57; LR: 4.050e-05; seg_loss: 0.468277
2021-07-13 18:39:52,273 - dist_train.py - INFO: Iter: 13050; Elasped: 0:52:11; ETA: 1:47:45; LR: 4.043e-05; seg_loss: 0.250669
2021-07-13 18:40:03,707 - dist_train.py - INFO: Iter: 13100; Elasped: 0:52:22; ETA: 1:47:31; LR: 4.035e-05; seg_loss: 0.202716
2021-07-13 18:40:15,148 - dist_train.py - INFO: Iter: 13150; Elasped: 0:52:34; ETA: 1:47:19; LR: 4.028e-05; seg_loss: 0.054875
2021-07-13 18:40:26,645 - dist_train.py - INFO: Iter: 13200; Elasped: 0:52:45; ETA: 1:47:05; LR: 4.020e-05; seg_loss: 0.395946
2021-07-13 18:40:38,179 - dist_train.py - INFO: Iter: 13250; Elasped: 0:52:57; ETA: 1:46:53; LR: 4.013e-05; seg_loss: 0.241776
2021-07-13 18:40:49,718 - dist_train.py - INFO: Iter: 13300; Elasped: 0:53:08; ETA: 1:46:39; LR: 4.005e-05; seg_loss: 0.082062
2021-07-13 18:41:01,297 - dist_train.py - INFO: Iter: 13350; Elasped: 0:53:20; ETA: 1:46:28; LR: 3.998e-05; seg_loss: 0.102333
2021-07-13 18:41:12,867 - dist_train.py - INFO: Iter: 13400; Elasped: 0:53:31; ETA: 1:46:14; LR: 3.990e-05; seg_loss: 0.400391
2021-07-13 18:41:24,274 - dist_train.py - INFO: Iter: 13450; Elasped: 0:53:43; ETA: 1:46:02; LR: 3.983e-05; seg_loss: 0.054045
2021-07-13 18:41:35,709 - dist_train.py - INFO: Iter: 13500; Elasped: 0:53:54; ETA: 1:45:48; LR: 3.975e-05; seg_loss: 0.111097
2021-07-13 18:41:47,094 - dist_train.py - INFO: Iter: 13550; Elasped: 0:54:06; ETA: 1:45:36; LR: 3.968e-05; seg_loss: 0.159235
2021-07-13 18:41:58,645 - dist_train.py - INFO: Iter: 13600; Elasped: 0:54:17; ETA: 1:45:22; LR: 3.960e-05; seg_loss: 0.063179
2021-07-13 18:42:10,106 - dist_train.py - INFO: Iter: 13650; Elasped: 0:54:29; ETA: 1:45:10; LR: 3.953e-05; seg_loss: 0.280241
2021-07-13 18:42:21,444 - dist_train.py - INFO: Iter: 13700; Elasped: 0:54:40; ETA: 1:44:56; LR: 3.945e-05; seg_loss: 0.206259
2021-07-13 18:42:33,227 - dist_train.py - INFO: Iter: 13750; Elasped: 0:54:52; ETA: 1:44:44; LR: 3.938e-05; seg_loss: 0.214951
2021-07-13 18:42:44,694 - dist_train.py - INFO: Iter: 13800; Elasped: 0:55:03; ETA: 1:44:30; LR: 3.930e-05; seg_loss: 0.115345
2021-07-13 18:42:56,256 - dist_train.py - INFO: Iter: 13850; Elasped: 0:55:15; ETA: 1:44:19; LR: 3.923e-05; seg_loss: 0.057424
2021-07-13 18:43:07,788 - dist_train.py - INFO: Iter: 13900; Elasped: 0:55:26; ETA: 1:44:05; LR: 3.915e-05; seg_loss: 0.046597
2021-07-13 18:43:19,356 - dist_train.py - INFO: Iter: 13950; Elasped: 0:55:38; ETA: 1:43:53; LR: 3.908e-05; seg_loss: 0.129796
2021-07-13 18:43:30,881 - dist_train.py - INFO: Iter: 14000; Elasped: 0:55:49; ETA: 1:43:39; LR: 3.900e-05; seg_loss: 0.401356
2021-07-13 18:43:42,277 - dist_train.py - INFO: Iter: 14050; Elasped: 0:56:01; ETA: 1:43:27; LR: 3.893e-05; seg_loss: 0.749583
2021-07-13 18:43:53,757 - dist_train.py - INFO: Iter: 14100; Elasped: 0:56:12; ETA: 1:43:13; LR: 3.885e-05; seg_loss: 0.112675
2021-07-13 18:44:05,872 - dist_train.py - INFO: Iter: 14150; Elasped: 0:56:24; ETA: 1:43:02; LR: 3.878e-05; seg_loss: 0.065323
2021-07-13 18:44:17,332 - dist_train.py - INFO: Iter: 14200; Elasped: 0:56:36; ETA: 1:42:50; LR: 3.870e-05; seg_loss: 0.150859
2021-07-13 18:44:28,698 - dist_train.py - INFO: Iter: 14250; Elasped: 0:56:47; ETA: 1:42:36; LR: 3.863e-05; seg_loss: 0.087620
2021-07-13 18:44:40,140 - dist_train.py - INFO: Iter: 14300; Elasped: 0:56:59; ETA: 1:42:24; LR: 3.855e-05; seg_loss: 0.170529
2021-07-13 18:44:51,570 - dist_train.py - INFO: Iter: 14350; Elasped: 0:57:10; ETA: 1:42:10; LR: 3.848e-05; seg_loss: 0.166870
2021-07-13 18:45:03,108 - dist_train.py - INFO: Iter: 14400; Elasped: 0:57:22; ETA: 1:41:59; LR: 3.840e-05; seg_loss: 0.222297
2021-07-13 18:45:14,476 - dist_train.py - INFO: Iter: 14450; Elasped: 0:57:33; ETA: 1:41:45; LR: 3.833e-05; seg_loss: 0.080866
2021-07-13 18:45:25,961 - dist_train.py - INFO: Iter: 14500; Elasped: 0:57:44; ETA: 1:41:31; LR: 3.825e-05; seg_loss: 0.161576
2021-07-13 18:45:37,487 - dist_train.py - INFO: Iter: 14550; Elasped: 0:57:56; ETA: 1:41:20; LR: 3.818e-05; seg_loss: 0.266933
2021-07-13 18:45:49,000 - dist_train.py - INFO: Iter: 14600; Elasped: 0:58:08; ETA: 1:41:08; LR: 3.810e-05; seg_loss: 0.122978
2021-07-13 18:46:00,476 - dist_train.py - INFO: Iter: 14650; Elasped: 0:58:19; ETA: 1:40:54; LR: 3.803e-05; seg_loss: 0.165695
2021-07-13 18:46:11,844 - dist_train.py - INFO: Iter: 14700; Elasped: 0:58:30; ETA: 1:40:41; LR: 3.795e-05; seg_loss: 0.084834
2021-07-13 18:46:23,319 - dist_train.py - INFO: Iter: 14750; Elasped: 0:58:42; ETA: 1:40:29; LR: 3.788e-05; seg_loss: 0.108983
2021-07-13 18:46:34,754 - dist_train.py - INFO: Iter: 14800; Elasped: 0:58:53; ETA: 1:40:15; LR: 3.780e-05; seg_loss: 0.202650
2021-07-13 18:46:46,151 - dist_train.py - INFO: Iter: 14850; Elasped: 0:59:05; ETA: 1:40:03; LR: 3.773e-05; seg_loss: 0.187610
2021-07-13 18:46:57,806 - dist_train.py - INFO: Iter: 14900; Elasped: 0:59:16; ETA: 1:39:50; LR: 3.765e-05; seg_loss: 0.163768
2021-07-13 18:47:09,435 - dist_train.py - INFO: Iter: 14950; Elasped: 0:59:28; ETA: 1:39:38; LR: 3.758e-05; seg_loss: 0.167651
2021-07-13 18:47:21,060 - dist_train.py - INFO: Iter: 15000; Elasped: 0:59:40; ETA: 1:39:26; LR: 3.750e-05; seg_loss: 0.258094
2021-07-13 18:47:21,060 - dist_train.py - INFO: Validating...
2021-07-13 18:47:54,828 - dist_train.py - INFO: {'Pixel Accuracy': 0.9372225149673916, 'Mean Accuracy': 0.831269403971536, 'Mean IoU': 0.7294035257340257, 'Class IoU': {0: 0.9328034591012987, 1: 0.8965207238122386, 2: 0.40207742192465024, 3: 0.8772166006326616, 4: 0.6529757767060217, 5: 0.7096900944293048, 6: 0.8653211944766557, 7: 0.8382642036484003, 8: 0.893540174126278, 9: 0.33363820891602275, 10: 0.8083436490613355, 11: 0.44572766170118366, 12: 0.8088635116304957, 13: 0.8139490774105761, 14: 0.8290120330288803, 15: 0.8200215132607462, 16: 0.6070966015805426, 17: 0.8429663546492776, 18: 0.4459190674513849, 19: 0.8395854769226123, 20: 0.6539412359439731}}
2021-07-13 18:48:06,273 - dist_train.py - INFO: Iter: 15050; Elasped: 1:00:25; ETA: 1:40:09; LR: 3.743e-05; seg_loss: 0.224232
2021-07-13 18:48:17,848 - dist_train.py - INFO: Iter: 15100; Elasped: 1:00:36; ETA: 1:39:55; LR: 3.735e-05; seg_loss: 0.114731
2021-07-13 18:48:29,397 - dist_train.py - INFO: Iter: 15150; Elasped: 1:00:48; ETA: 1:39:43; LR: 3.728e-05; seg_loss: 0.132684
2021-07-13 18:48:40,791 - dist_train.py - INFO: Iter: 15200; Elasped: 1:00:59; ETA: 1:39:29; LR: 3.720e-05; seg_loss: 0.094019
2021-07-13 18:48:52,366 - dist_train.py - INFO: Iter: 15250; Elasped: 1:01:11; ETA: 1:39:17; LR: 3.713e-05; seg_loss: 0.082850
2021-07-13 18:49:04,404 - dist_train.py - INFO: Iter: 15300; Elasped: 1:01:23; ETA: 1:39:05; LR: 3.705e-05; seg_loss: 0.122806
2021-07-13 18:49:16,133 - dist_train.py - INFO: Iter: 15350; Elasped: 1:01:35; ETA: 1:38:53; LR: 3.698e-05; seg_loss: 0.118025
2021-07-13 18:49:27,496 - dist_train.py - INFO: Iter: 15400; Elasped: 1:01:46; ETA: 1:38:39; LR: 3.690e-05; seg_loss: 0.255019
2021-07-13 18:49:39,115 - dist_train.py - INFO: Iter: 15450; Elasped: 1:01:58; ETA: 1:38:27; LR: 3.683e-05; seg_loss: 0.063065
2021-07-13 18:49:50,713 - dist_train.py - INFO: Iter: 15500; Elasped: 1:02:09; ETA: 1:38:14; LR: 3.675e-05; seg_loss: 0.134752
2021-07-13 18:50:02,132 - dist_train.py - INFO: Iter: 15550; Elasped: 1:02:21; ETA: 1:38:02; LR: 3.668e-05; seg_loss: 0.178868
2021-07-13 18:50:13,739 - dist_train.py - INFO: Iter: 15600; Elasped: 1:02:32; ETA: 1:37:48; LR: 3.660e-05; seg_loss: 0.380533
2021-07-13 18:50:25,273 - dist_train.py - INFO: Iter: 15650; Elasped: 1:02:44; ETA: 1:37:36; LR: 3.653e-05; seg_loss: 0.032016
2021-07-13 18:50:37,179 - dist_train.py - INFO: Iter: 15700; Elasped: 1:02:56; ETA: 1:37:24; LR: 3.645e-05; seg_loss: 0.085522
2021-07-13 18:50:48,615 - dist_train.py - INFO: Iter: 15750; Elasped: 1:03:07; ETA: 1:37:10; LR: 3.638e-05; seg_loss: 0.156540
2021-07-13 18:51:00,143 - dist_train.py - INFO: Iter: 15800; Elasped: 1:03:19; ETA: 1:36:58; LR: 3.630e-05; seg_loss: 0.219398
2021-07-13 18:51:11,545 - dist_train.py - INFO: Iter: 15850; Elasped: 1:03:30; ETA: 1:36:45; LR: 3.623e-05; seg_loss: 0.211846
2021-07-13 18:51:23,111 - dist_train.py - INFO: Iter: 15900; Elasped: 1:03:42; ETA: 1:36:33; LR: 3.615e-05; seg_loss: 0.500046
2021-07-13 18:51:34,622 - dist_train.py - INFO: Iter: 15950; Elasped: 1:03:53; ETA: 1:36:19; LR: 3.608e-05; seg_loss: 0.127322
2021-07-13 18:51:46,060 - dist_train.py - INFO: Iter: 16000; Elasped: 1:04:05; ETA: 1:36:07; LR: 3.600e-05; seg_loss: 0.473094
2021-07-13 18:51:57,680 - dist_train.py - INFO: Iter: 16050; Elasped: 1:04:16; ETA: 1:35:53; LR: 3.593e-05; seg_loss: 0.278314
2021-07-13 18:52:09,324 - dist_train.py - INFO: Iter: 16100; Elasped: 1:04:28; ETA: 1:35:41; LR: 3.585e-05; seg_loss: 0.384877
2021-07-13 18:52:20,874 - dist_train.py - INFO: Iter: 16150; Elasped: 1:04:39; ETA: 1:35:28; LR: 3.578e-05; seg_loss: 0.044133
2021-07-13 18:52:32,398 - dist_train.py - INFO: Iter: 16200; Elasped: 1:04:51; ETA: 1:35:16; LR: 3.570e-05; seg_loss: 0.133594
2021-07-13 18:52:43,915 - dist_train.py - INFO: Iter: 16250; Elasped: 1:05:02; ETA: 1:35:02; LR: 3.563e-05; seg_loss: 0.072878
2021-07-13 18:52:55,433 - dist_train.py - INFO: Iter: 16300; Elasped: 1:05:14; ETA: 1:34:50; LR: 3.555e-05; seg_loss: 0.011666
2021-07-13 18:53:06,942 - dist_train.py - INFO: Iter: 16350; Elasped: 1:05:25; ETA: 1:34:37; LR: 3.548e-05; seg_loss: 0.134706
2021-07-13 18:53:18,522 - dist_train.py - INFO: Iter: 16400; Elasped: 1:05:37; ETA: 1:34:25; LR: 3.540e-05; seg_loss: 0.083096
2021-07-13 18:53:29,932 - dist_train.py - INFO: Iter: 16450; Elasped: 1:05:48; ETA: 1:34:12; LR: 3.533e-05; seg_loss: 0.503818
2021-07-13 18:53:42,551 - dist_train.py - INFO: Iter: 16500; Elasped: 1:06:01; ETA: 1:34:01; LR: 3.525e-05; seg_loss: 1.743573
2021-07-13 18:53:54,026 - dist_train.py - INFO: Iter: 16550; Elasped: 1:06:13; ETA: 1:33:49; LR: 3.518e-05; seg_loss: 0.393865
2021-07-13 18:54:05,554 - dist_train.py - INFO: Iter: 16600; Elasped: 1:06:24; ETA: 1:33:36; LR: 3.510e-05; seg_loss: 0.063671
2021-07-13 18:54:17,064 - dist_train.py - INFO: Iter: 16650; Elasped: 1:06:36; ETA: 1:33:24; LR: 3.503e-05; seg_loss: 0.033429
2021-07-13 18:54:28,527 - dist_train.py - INFO: Iter: 16700; Elasped: 1:06:47; ETA: 1:33:10; LR: 3.495e-05; seg_loss: 0.164784
2021-07-13 18:54:40,192 - dist_train.py - INFO: Iter: 16750; Elasped: 1:06:59; ETA: 1:32:58; LR: 3.488e-05; seg_loss: 0.136142
2021-07-13 18:54:51,607 - dist_train.py - INFO: Iter: 16800; Elasped: 1:07:10; ETA: 1:32:45; LR: 3.480e-05; seg_loss: 0.133407
2021-07-13 18:55:03,206 - dist_train.py - INFO: Iter: 16850; Elasped: 1:07:22; ETA: 1:32:33; LR: 3.473e-05; seg_loss: 0.071958
2021-07-13 18:55:14,959 - dist_train.py - INFO: Iter: 16900; Elasped: 1:07:33; ETA: 1:32:19; LR: 3.465e-05; seg_loss: 0.123044
2021-07-13 18:55:26,474 - dist_train.py - INFO: Iter: 16950; Elasped: 1:07:45; ETA: 1:32:07; LR: 3.458e-05; seg_loss: 0.078351
2021-07-13 18:55:37,861 - dist_train.py - INFO: Iter: 17000; Elasped: 1:07:56; ETA: 1:31:54; LR: 3.450e-05; seg_loss: 0.040307
2021-07-13 18:55:49,455 - dist_train.py - INFO: Iter: 17050; Elasped: 1:08:08; ETA: 1:31:42; LR: 3.443e-05; seg_loss: 0.134309
2021-07-13 18:56:00,911 - dist_train.py - INFO: Iter: 17100; Elasped: 1:08:19; ETA: 1:31:29; LR: 3.435e-05; seg_loss: 0.057233
2021-07-13 18:56:12,477 - dist_train.py - INFO: Iter: 17150; Elasped: 1:08:31; ETA: 1:31:17; LR: 3.428e-05; seg_loss: 0.287995
2021-07-13 18:56:23,882 - dist_train.py - INFO: Iter: 17200; Elasped: 1:08:42; ETA: 1:31:04; LR: 3.420e-05; seg_loss: 0.070152
2021-07-13 18:56:35,451 - dist_train.py - INFO: Iter: 17250; Elasped: 1:08:54; ETA: 1:30:52; LR: 3.413e-05; seg_loss: 0.080499
2021-07-13 18:56:47,192 - dist_train.py - INFO: Iter: 17300; Elasped: 1:09:06; ETA: 1:30:40; LR: 3.405e-05; seg_loss: 0.229423
2021-07-13 18:56:58,609 - dist_train.py - INFO: Iter: 17350; Elasped: 1:09:17; ETA: 1:30:26; LR: 3.398e-05; seg_loss: 0.135539
2021-07-13 18:57:10,349 - dist_train.py - INFO: Iter: 17400; Elasped: 1:09:29; ETA: 1:30:14; LR: 3.390e-05; seg_loss: 0.179232
2021-07-13 18:57:21,921 - dist_train.py - INFO: Iter: 17450; Elasped: 1:09:40; ETA: 1:30:01; LR: 3.383e-05; seg_loss: 0.279870
2021-07-13 18:57:33,540 - dist_train.py - INFO: Iter: 17500; Elasped: 1:09:52; ETA: 1:29:49; LR: 3.375e-05; seg_loss: 0.082034
2021-07-13 18:57:44,997 - dist_train.py - INFO: Iter: 17550; Elasped: 1:10:03; ETA: 1:29:36; LR: 3.368e-05; seg_loss: 0.123785
2021-07-13 18:57:56,547 - dist_train.py - INFO: Iter: 17600; Elasped: 1:10:15; ETA: 1:29:24; LR: 3.360e-05; seg_loss: 0.176142
2021-07-13 18:58:08,320 - dist_train.py - INFO: Iter: 17650; Elasped: 1:10:27; ETA: 1:29:12; LR: 3.353e-05; seg_loss: 0.419680
2021-07-13 18:58:19,846 - dist_train.py - INFO: Iter: 17700; Elasped: 1:10:38; ETA: 1:28:59; LR: 3.345e-05; seg_loss: 0.095271
2021-07-13 18:58:31,158 - dist_train.py - INFO: Iter: 17750; Elasped: 1:10:50; ETA: 1:28:47; LR: 3.338e-05; seg_loss: 0.107617
2021-07-13 18:58:42,557 - dist_train.py - INFO: Iter: 17800; Elasped: 1:11:01; ETA: 1:28:34; LR: 3.330e-05; seg_loss: 0.162205
2021-07-13 18:58:54,007 - dist_train.py - INFO: Iter: 17850; Elasped: 1:11:13; ETA: 1:28:22; LR: 3.323e-05; seg_loss: 0.042140
2021-07-13 18:59:05,361 - dist_train.py - INFO: Iter: 17900; Elasped: 1:11:24; ETA: 1:28:09; LR: 3.315e-05; seg_loss: 0.112725
2021-07-13 18:59:16,919 - dist_train.py - INFO: Iter: 17950; Elasped: 1:11:35; ETA: 1:27:56; LR: 3.308e-05; seg_loss: 0.425121
2021-07-13 18:59:28,456 - dist_train.py - INFO: Iter: 18000; Elasped: 1:11:47; ETA: 1:27:44; LR: 3.300e-05; seg_loss: 0.350906
2021-07-13 18:59:40,048 - dist_train.py - INFO: Iter: 18050; Elasped: 1:11:59; ETA: 1:27:32; LR: 3.293e-05; seg_loss: 0.048814
2021-07-13 18:59:51,559 - dist_train.py - INFO: Iter: 18100; Elasped: 1:12:10; ETA: 1:27:19; LR: 3.285e-05; seg_loss: 0.047046
2021-07-13 19:00:03,160 - dist_train.py - INFO: Iter: 18150; Elasped: 1:12:22; ETA: 1:27:07; LR: 3.278e-05; seg_loss: 0.289478
2021-07-13 19:00:14,600 - dist_train.py - INFO: Iter: 18200; Elasped: 1:12:33; ETA: 1:26:54; LR: 3.270e-05; seg_loss: 0.220829
2021-07-13 19:00:26,026 - dist_train.py - INFO: Iter: 18250; Elasped: 1:12:45; ETA: 1:26:42; LR: 3.263e-05; seg_loss: 0.137300
2021-07-13 19:00:37,692 - dist_train.py - INFO: Iter: 18300; Elasped: 1:12:56; ETA: 1:26:29; LR: 3.255e-05; seg_loss: 0.252496
2021-07-13 19:00:49,160 - dist_train.py - INFO: Iter: 18350; Elasped: 1:13:08; ETA: 1:26:17; LR: 3.248e-05; seg_loss: 0.031505
2021-07-13 19:01:00,702 - dist_train.py - INFO: Iter: 18400; Elasped: 1:13:19; ETA: 1:26:04; LR: 3.240e-05; seg_loss: 0.069587
2021-07-13 19:01:12,476 - dist_train.py - INFO: Iter: 18450; Elasped: 1:13:31; ETA: 1:25:52; LR: 3.233e-05; seg_loss: 0.202462
2021-07-13 19:01:23,920 - dist_train.py - INFO: Iter: 18500; Elasped: 1:13:42; ETA: 1:25:39; LR: 3.225e-05; seg_loss: 0.103083
2021-07-13 19:01:35,379 - dist_train.py - INFO: Iter: 18550; Elasped: 1:13:54; ETA: 1:25:27; LR: 3.218e-05; seg_loss: 0.151531
2021-07-13 19:01:46,880 - dist_train.py - INFO: Iter: 18600; Elasped: 1:14:05; ETA: 1:25:14; LR: 3.210e-05; seg_loss: 0.099680
2021-07-13 19:01:58,570 - dist_train.py - INFO: Iter: 18650; Elasped: 1:14:17; ETA: 1:25:02; LR: 3.203e-05; seg_loss: 0.103999
2021-07-13 19:02:10,104 - dist_train.py - INFO: Iter: 18700; Elasped: 1:14:29; ETA: 1:24:50; LR: 3.195e-05; seg_loss: 0.060396
2021-07-13 19:02:21,635 - dist_train.py - INFO: Iter: 18750; Elasped: 1:14:40; ETA: 1:24:37; LR: 3.188e-05; seg_loss: 0.087251
2021-07-13 19:02:33,226 - dist_train.py - INFO: Iter: 18800; Elasped: 1:14:52; ETA: 1:24:25; LR: 3.180e-05; seg_loss: 0.134634
2021-07-13 19:02:45,603 - dist_train.py - INFO: Iter: 18850; Elasped: 1:15:04; ETA: 1:24:13; LR: 3.173e-05; seg_loss: 0.092399
2021-07-13 19:02:57,158 - dist_train.py - INFO: Iter: 18900; Elasped: 1:15:16; ETA: 1:24:01; LR: 3.165e-05; seg_loss: 0.160905
2021-07-13 19:03:08,790 - dist_train.py - INFO: Iter: 18950; Elasped: 1:15:27; ETA: 1:23:48; LR: 3.158e-05; seg_loss: 0.038988
2021-07-13 19:03:20,284 - dist_train.py - INFO: Iter: 19000; Elasped: 1:15:39; ETA: 1:23:36; LR: 3.150e-05; seg_loss: 0.154151
2021-07-13 19:03:31,753 - dist_train.py - INFO: Iter: 19050; Elasped: 1:15:50; ETA: 1:23:23; LR: 3.143e-05; seg_loss: 0.192226
2021-07-13 19:03:43,156 - dist_train.py - INFO: Iter: 19100; Elasped: 1:16:02; ETA: 1:23:11; LR: 3.135e-05; seg_loss: 0.039805
2021-07-13 19:03:54,671 - dist_train.py - INFO: Iter: 19150; Elasped: 1:16:13; ETA: 1:22:58; LR: 3.128e-05; seg_loss: 0.178339
2021-07-13 19:04:06,169 - dist_train.py - INFO: Iter: 19200; Elasped: 1:16:25; ETA: 1:22:47; LR: 3.120e-05; seg_loss: 0.083183
2021-07-13 19:04:17,772 - dist_train.py - INFO: Iter: 19250; Elasped: 1:16:36; ETA: 1:22:34; LR: 3.113e-05; seg_loss: 0.090726
2021-07-13 19:04:29,376 - dist_train.py - INFO: Iter: 19300; Elasped: 1:16:48; ETA: 1:22:22; LR: 3.105e-05; seg_loss: 0.564431
2021-07-13 19:04:40,914 - dist_train.py - INFO: Iter: 19350; Elasped: 1:16:59; ETA: 1:22:09; LR: 3.098e-05; seg_loss: 0.076025
2021-07-13 19:04:52,372 - dist_train.py - INFO: Iter: 19400; Elasped: 1:17:11; ETA: 1:21:57; LR: 3.090e-05; seg_loss: 0.107020
2021-07-13 19:05:03,983 - dist_train.py - INFO: Iter: 19450; Elasped: 1:17:22; ETA: 1:21:44; LR: 3.083e-05; seg_loss: 0.154632
2021-07-13 19:05:15,646 - dist_train.py - INFO: Iter: 19500; Elasped: 1:17:34; ETA: 1:21:32; LR: 3.075e-05; seg_loss: 0.092186
2021-07-13 19:05:27,190 - dist_train.py - INFO: Iter: 19550; Elasped: 1:17:46; ETA: 1:21:20; LR: 3.068e-05; seg_loss: 0.525800
2021-07-13 19:05:38,666 - dist_train.py - INFO: Iter: 19600; Elasped: 1:17:57; ETA: 1:21:07; LR: 3.060e-05; seg_loss: 0.081150
2021-07-13 19:05:50,330 - dist_train.py - INFO: Iter: 19650; Elasped: 1:18:09; ETA: 1:20:56; LR: 3.053e-05; seg_loss: 0.071585
2021-07-13 19:06:01,818 - dist_train.py - INFO: Iter: 19700; Elasped: 1:18:20; ETA: 1:20:43; LR: 3.045e-05; seg_loss: 1.161798
2021-07-13 19:06:13,213 - dist_train.py - INFO: Iter: 19750; Elasped: 1:18:32; ETA: 1:20:31; LR: 3.038e-05; seg_loss: 0.127876
2021-07-13 19:06:24,876 - dist_train.py - INFO: Iter: 19800; Elasped: 1:18:43; ETA: 1:20:18; LR: 3.030e-05; seg_loss: 0.110874
2021-07-13 19:06:36,623 - dist_train.py - INFO: Iter: 19850; Elasped: 1:18:55; ETA: 1:20:06; LR: 3.023e-05; seg_loss: 0.193852
2021-07-13 19:06:48,257 - dist_train.py - INFO: Iter: 19900; Elasped: 1:19:07; ETA: 1:19:54; LR: 3.015e-05; seg_loss: 0.110755
2021-07-13 19:06:59,732 - dist_train.py - INFO: Iter: 19950; Elasped: 1:19:18; ETA: 1:19:41; LR: 3.008e-05; seg_loss: 0.140160
2021-07-13 19:07:11,425 - dist_train.py - INFO: Iter: 20000; Elasped: 1:19:30; ETA: 1:19:30; LR: 3.000e-05; seg_loss: 0.090563
2021-07-13 19:07:11,426 - dist_train.py - INFO: Validating...
2021-07-13 19:07:44,181 - dist_train.py - INFO: {'Pixel Accuracy': 0.9397750896856012, 'Mean Accuracy': 0.8393948971270377, 'Mean IoU': 0.7372605903838687, 'Class IoU': {0: 0.9371179278691535, 1: 0.8805710143133404, 2: 0.4205167148900324, 3: 0.879316980696034, 4: 0.6776481824496411, 5: 0.7393166767035335, 6: 0.8371237977780115, 7: 0.8067817233998783, 8: 0.8873384498254945, 9: 0.3326883009817882, 10: 0.8656268502840998, 11: 0.5122323912019877, 12: 0.8127561516790205, 13: 0.8565126664816964, 14: 0.8158632880867969, 15: 0.8235761914346933, 16: 0.5876385048713724, 17: 0.8496282560637242, 18: 0.513826550477746, 19: 0.7984983713572419, 20: 0.6478934072159567}}
2021-07-13 19:07:55,926 - dist_train.py - INFO: Iter: 20050; Elasped: 1:20:14; ETA: 1:19:49; LR: 2.993e-05; seg_loss: 0.195500
2021-07-13 19:08:07,313 - dist_train.py - INFO: Iter: 20100; Elasped: 1:20:26; ETA: 1:19:37; LR: 2.985e-05; seg_loss: 0.619775
2021-07-13 19:08:18,757 - dist_train.py - INFO: Iter: 20150; Elasped: 1:20:37; ETA: 1:19:24; LR: 2.978e-05; seg_loss: 0.076355
2021-07-13 19:08:30,293 - dist_train.py - INFO: Iter: 20200; Elasped: 1:20:49; ETA: 1:19:12; LR: 2.970e-05; seg_loss: 0.036562
2021-07-13 19:08:41,686 - dist_train.py - INFO: Iter: 20250; Elasped: 1:21:00; ETA: 1:19:00; LR: 2.963e-05; seg_loss: 0.040176
2021-07-13 19:08:53,188 - dist_train.py - INFO: Iter: 20300; Elasped: 1:21:12; ETA: 1:18:48; LR: 2.955e-05; seg_loss: 0.167415
2021-07-13 19:09:04,685 - dist_train.py - INFO: Iter: 20350; Elasped: 1:21:23; ETA: 1:18:35; LR: 2.948e-05; seg_loss: 0.130068
2021-07-13 19:09:16,451 - dist_train.py - INFO: Iter: 20400; Elasped: 1:21:35; ETA: 1:18:23; LR: 2.940e-05; seg_loss: 0.052479
2021-07-13 19:09:27,921 - dist_train.py - INFO: Iter: 20450; Elasped: 1:21:46; ETA: 1:18:10; LR: 2.933e-05; seg_loss: 0.028906
2021-07-13 19:09:39,454 - dist_train.py - INFO: Iter: 20500; Elasped: 1:21:58; ETA: 1:17:58; LR: 2.925e-05; seg_loss: 0.153670
2021-07-13 19:09:50,773 - dist_train.py - INFO: Iter: 20550; Elasped: 1:22:09; ETA: 1:17:45; LR: 2.918e-05; seg_loss: 0.102122
2021-07-13 19:10:02,453 - dist_train.py - INFO: Iter: 20600; Elasped: 1:22:21; ETA: 1:17:33; LR: 2.910e-05; seg_loss: 0.105647
2021-07-13 19:10:13,949 - dist_train.py - INFO: Iter: 20650; Elasped: 1:22:32; ETA: 1:17:20; LR: 2.903e-05; seg_loss: 0.241714
2021-07-13 19:10:25,465 - dist_train.py - INFO: Iter: 20700; Elasped: 1:22:44; ETA: 1:17:08; LR: 2.895e-05; seg_loss: 0.207067
2021-07-13 19:10:36,916 - dist_train.py - INFO: Iter: 20750; Elasped: 1:22:55; ETA: 1:16:55; LR: 2.888e-05; seg_loss: 0.080148
2021-07-13 19:10:48,676 - dist_train.py - INFO: Iter: 20800; Elasped: 1:23:07; ETA: 1:16:43; LR: 2.880e-05; seg_loss: 0.053275
2021-07-13 19:11:00,063 - dist_train.py - INFO: Iter: 20850; Elasped: 1:23:19; ETA: 1:16:31; LR: 2.873e-05; seg_loss: 0.106654
2021-07-13 19:11:11,365 - dist_train.py - INFO: Iter: 20900; Elasped: 1:23:30; ETA: 1:16:18; LR: 2.865e-05; seg_loss: 0.374788
2021-07-13 19:11:22,880 - dist_train.py - INFO: Iter: 20950; Elasped: 1:23:41; ETA: 1:16:05; LR: 2.858e-05; seg_loss: 0.208290
2021-07-13 19:11:34,399 - dist_train.py - INFO: Iter: 21000; Elasped: 1:23:53; ETA: 1:15:53; LR: 2.850e-05; seg_loss: 0.038841
2021-07-13 19:11:45,895 - dist_train.py - INFO: Iter: 21050; Elasped: 1:24:04; ETA: 1:15:40; LR: 2.843e-05; seg_loss: 0.165210
2021-07-13 19:11:57,332 - dist_train.py - INFO: Iter: 21100; Elasped: 1:24:16; ETA: 1:15:28; LR: 2.835e-05; seg_loss: 0.186713
2021-07-13 19:12:09,068 - dist_train.py - INFO: Iter: 21150; Elasped: 1:24:28; ETA: 1:15:16; LR: 2.828e-05; seg_loss: 0.074342
2021-07-13 19:12:21,169 - dist_train.py - INFO: Iter: 21200; Elasped: 1:24:40; ETA: 1:15:04; LR: 2.820e-05; seg_loss: 0.178163
2021-07-13 19:12:32,583 - dist_train.py - INFO: Iter: 21250; Elasped: 1:24:51; ETA: 1:14:52; LR: 2.813e-05; seg_loss: 0.150037
2021-07-13 19:12:44,143 - dist_train.py - INFO: Iter: 21300; Elasped: 1:25:03; ETA: 1:14:40; LR: 2.805e-05; seg_loss: 0.049288
2021-07-13 19:12:55,691 - dist_train.py - INFO: Iter: 21350; Elasped: 1:25:14; ETA: 1:14:27; LR: 2.798e-05; seg_loss: 0.095207
2021-07-13 19:13:07,115 - dist_train.py - INFO: Iter: 21400; Elasped: 1:25:26; ETA: 1:14:15; LR: 2.790e-05; seg_loss: 0.263863
2021-07-13 19:13:18,508 - dist_train.py - INFO: Iter: 21450; Elasped: 1:25:37; ETA: 1:14:02; LR: 2.783e-05; seg_loss: 0.128932
2021-07-13 19:13:30,191 - dist_train.py - INFO: Iter: 21500; Elasped: 1:25:49; ETA: 1:13:50; LR: 2.775e-05; seg_loss: 0.044813
2021-07-13 19:13:41,562 - dist_train.py - INFO: Iter: 21550; Elasped: 1:26:00; ETA: 1:13:37; LR: 2.768e-05; seg_loss: 0.091100
2021-07-13 19:13:53,101 - dist_train.py - INFO: Iter: 21600; Elasped: 1:26:12; ETA: 1:13:25; LR: 2.760e-05; seg_loss: 0.065674
2021-07-13 19:14:04,553 - dist_train.py - INFO: Iter: 21650; Elasped: 1:26:23; ETA: 1:13:12; LR: 2.753e-05; seg_loss: 0.172659
2021-07-13 19:14:15,971 - dist_train.py - INFO: Iter: 21700; Elasped: 1:26:34; ETA: 1:13:00; LR: 2.745e-05; seg_loss: 0.101671
2021-07-13 19:14:27,307 - dist_train.py - INFO: Iter: 21750; Elasped: 1:26:46; ETA: 1:12:48; LR: 2.738e-05; seg_loss: 0.170707
2021-07-13 19:14:38,765 - dist_train.py - INFO: Iter: 21800; Elasped: 1:26:57; ETA: 1:12:35; LR: 2.730e-05; seg_loss: 0.056855
2021-07-13 19:14:50,384 - dist_train.py - INFO: Iter: 21850; Elasped: 1:27:09; ETA: 1:12:23; LR: 2.723e-05; seg_loss: 0.169634
2021-07-13 19:15:01,895 - dist_train.py - INFO: Iter: 21900; Elasped: 1:27:20; ETA: 1:12:10; LR: 2.715e-05; seg_loss: 0.158909
2021-07-13 19:15:13,457 - dist_train.py - INFO: Iter: 21950; Elasped: 1:27:32; ETA: 1:11:58; LR: 2.708e-05; seg_loss: 0.099842
2021-07-13 19:15:25,145 - dist_train.py - INFO: Iter: 22000; Elasped: 1:27:44; ETA: 1:11:46; LR: 2.700e-05; seg_loss: 0.338222
2021-07-13 19:15:36,687 - dist_train.py - INFO: Iter: 22050; Elasped: 1:27:55; ETA: 1:11:34; LR: 2.693e-05; seg_loss: 0.062985
2021-07-13 19:15:48,158 - dist_train.py - INFO: Iter: 22100; Elasped: 1:28:07; ETA: 1:11:22; LR: 2.685e-05; seg_loss: 0.586108
2021-07-13 19:15:59,628 - dist_train.py - INFO: Iter: 22150; Elasped: 1:28:18; ETA: 1:11:09; LR: 2.678e-05; seg_loss: 0.214052
2021-07-13 19:16:11,131 - dist_train.py - INFO: Iter: 22200; Elasped: 1:28:30; ETA: 1:10:57; LR: 2.670e-05; seg_loss: 0.085705
2021-07-13 19:16:22,560 - dist_train.py - INFO: Iter: 22250; Elasped: 1:28:41; ETA: 1:10:44; LR: 2.663e-05; seg_loss: 0.164476
2021-07-13 19:16:34,107 - dist_train.py - INFO: Iter: 22300; Elasped: 1:28:53; ETA: 1:10:32; LR: 2.655e-05; seg_loss: 0.172879
2021-07-13 19:16:45,834 - dist_train.py - INFO: Iter: 22350; Elasped: 1:29:04; ETA: 1:10:20; LR: 2.648e-05; seg_loss: 0.092445
2021-07-13 19:16:57,628 - dist_train.py - INFO: Iter: 22400; Elasped: 1:29:16; ETA: 1:10:08; LR: 2.640e-05; seg_loss: 0.072459
2021-07-13 19:17:09,154 - dist_train.py - INFO: Iter: 22450; Elasped: 1:29:28; ETA: 1:09:56; LR: 2.633e-05; seg_loss: 0.057937
2021-07-13 19:17:20,579 - dist_train.py - INFO: Iter: 22500; Elasped: 1:29:39; ETA: 1:09:43; LR: 2.625e-05; seg_loss: 0.048634
2021-07-13 19:17:32,009 - dist_train.py - INFO: Iter: 22550; Elasped: 1:29:51; ETA: 1:09:31; LR: 2.618e-05; seg_loss: 0.327480
2021-07-13 19:17:43,598 - dist_train.py - INFO: Iter: 22600; Elasped: 1:30:02; ETA: 1:09:19; LR: 2.610e-05; seg_loss: 0.028532
2021-07-13 19:17:55,094 - dist_train.py - INFO: Iter: 22650; Elasped: 1:30:14; ETA: 1:09:07; LR: 2.603e-05; seg_loss: 0.142064
2021-07-13 19:18:06,458 - dist_train.py - INFO: Iter: 22700; Elasped: 1:30:25; ETA: 1:08:54; LR: 2.595e-05; seg_loss: 0.080571
2021-07-13 19:18:18,055 - dist_train.py - INFO: Iter: 22750; Elasped: 1:30:37; ETA: 1:08:42; LR: 2.588e-05; seg_loss: 0.077568
2021-07-13 19:18:29,808 - dist_train.py - INFO: Iter: 22800; Elasped: 1:30:48; ETA: 1:08:29; LR: 2.580e-05; seg_loss: 0.079135
2021-07-13 19:18:41,276 - dist_train.py - INFO: Iter: 22850; Elasped: 1:31:00; ETA: 1:08:17; LR: 2.573e-05; seg_loss: 0.032986
2021-07-13 19:18:52,530 - dist_train.py - INFO: Iter: 22900; Elasped: 1:31:11; ETA: 1:08:05; LR: 2.565e-05; seg_loss: 0.022273
2021-07-13 19:19:04,058 - dist_train.py - INFO: Iter: 22950; Elasped: 1:31:23; ETA: 1:07:53; LR: 2.558e-05; seg_loss: 0.079688
2021-07-13 19:19:15,518 - dist_train.py - INFO: Iter: 23000; Elasped: 1:31:34; ETA: 1:07:40; LR: 2.550e-05; seg_loss: 0.175496
2021-07-13 19:19:26,993 - dist_train.py - INFO: Iter: 23050; Elasped: 1:31:45; ETA: 1:07:28; LR: 2.543e-05; seg_loss: 0.164542
2021-07-13 19:19:38,572 - dist_train.py - INFO: Iter: 23100; Elasped: 1:31:57; ETA: 1:07:16; LR: 2.535e-05; seg_loss: 0.094170
2021-07-13 19:19:50,225 - dist_train.py - INFO: Iter: 23150; Elasped: 1:32:09; ETA: 1:07:04; LR: 2.528e-05; seg_loss: 0.110361
2021-07-13 19:20:01,781 - dist_train.py - INFO: Iter: 23200; Elasped: 1:32:20; ETA: 1:06:51; LR: 2.520e-05; seg_loss: 0.165418
2021-07-13 19:20:13,153 - dist_train.py - INFO: Iter: 23250; Elasped: 1:32:32; ETA: 1:06:39; LR: 2.513e-05; seg_loss: 0.045444
2021-07-13 19:20:24,793 - dist_train.py - INFO: Iter: 23300; Elasped: 1:32:43; ETA: 1:06:27; LR: 2.505e-05; seg_loss: 0.067143
2021-07-13 19:20:36,146 - dist_train.py - INFO: Iter: 23350; Elasped: 1:32:55; ETA: 1:06:15; LR: 2.498e-05; seg_loss: 0.017317
2021-07-13 19:20:47,612 - dist_train.py - INFO: Iter: 23400; Elasped: 1:33:06; ETA: 1:06:02; LR: 2.490e-05; seg_loss: 0.074198
2021-07-13 19:20:59,076 - dist_train.py - INFO: Iter: 23450; Elasped: 1:33:18; ETA: 1:05:50; LR: 2.483e-05; seg_loss: 0.255626
2021-07-13 19:21:10,726 - dist_train.py - INFO: Iter: 23500; Elasped: 1:33:29; ETA: 1:05:38; LR: 2.475e-05; seg_loss: 0.169027
2021-07-13 19:21:22,744 - dist_train.py - INFO: Iter: 23550; Elasped: 1:33:41; ETA: 1:05:26; LR: 2.468e-05; seg_loss: 0.137395
2021-07-13 19:21:34,306 - dist_train.py - INFO: Iter: 23600; Elasped: 1:33:53; ETA: 1:05:14; LR: 2.460e-05; seg_loss: 0.201479
2021-07-13 19:21:45,642 - dist_train.py - INFO: Iter: 23650; Elasped: 1:34:04; ETA: 1:05:01; LR: 2.453e-05; seg_loss: 0.053756
2021-07-13 19:21:57,149 - dist_train.py - INFO: Iter: 23700; Elasped: 1:34:16; ETA: 1:04:49; LR: 2.445e-05; seg_loss: 0.097699
2021-07-13 19:22:08,577 - dist_train.py - INFO: Iter: 23750; Elasped: 1:34:27; ETA: 1:04:37; LR: 2.438e-05; seg_loss: 0.058938
2021-07-13 19:22:20,233 - dist_train.py - INFO: Iter: 23800; Elasped: 1:34:39; ETA: 1:04:25; LR: 2.430e-05; seg_loss: 0.076433
2021-07-13 19:22:31,803 - dist_train.py - INFO: Iter: 23850; Elasped: 1:34:50; ETA: 1:04:12; LR: 2.423e-05; seg_loss: 0.056053
2021-07-13 19:22:43,517 - dist_train.py - INFO: Iter: 23900; Elasped: 1:35:02; ETA: 1:04:01; LR: 2.415e-05; seg_loss: 0.042327
2021-07-13 19:22:55,012 - dist_train.py - INFO: Iter: 23950; Elasped: 1:35:14; ETA: 1:03:49; LR: 2.408e-05; seg_loss: 0.087161
2021-07-13 19:23:06,524 - dist_train.py - INFO: Iter: 24000; Elasped: 1:35:25; ETA: 1:03:36; LR: 2.400e-05; seg_loss: 0.098365
2021-07-13 19:23:17,807 - dist_train.py - INFO: Iter: 24050; Elasped: 1:35:36; ETA: 1:03:24; LR: 2.393e-05; seg_loss: 0.074674
2021-07-13 19:23:29,311 - dist_train.py - INFO: Iter: 24100; Elasped: 1:35:48; ETA: 1:03:12; LR: 2.385e-05; seg_loss: 0.136535
2021-07-13 19:23:40,712 - dist_train.py - INFO: Iter: 24150; Elasped: 1:35:59; ETA: 1:02:59; LR: 2.378e-05; seg_loss: 0.021635
2021-07-13 19:23:52,248 - dist_train.py - INFO: Iter: 24200; Elasped: 1:36:11; ETA: 1:02:47; LR: 2.370e-05; seg_loss: 0.025510
2021-07-13 19:24:03,651 - dist_train.py - INFO: Iter: 24250; Elasped: 1:36:22; ETA: 1:02:35; LR: 2.363e-05; seg_loss: 0.102563
2021-07-13 19:24:15,313 - dist_train.py - INFO: Iter: 24300; Elasped: 1:36:34; ETA: 1:02:23; LR: 2.355e-05; seg_loss: 0.060781
2021-07-13 19:24:27,193 - dist_train.py - INFO: Iter: 24350; Elasped: 1:36:46; ETA: 1:02:11; LR: 2.348e-05; seg_loss: 0.130835
2021-07-13 19:24:38,576 - dist_train.py - INFO: Iter: 24400; Elasped: 1:36:57; ETA: 1:01:59; LR: 2.340e-05; seg_loss: 0.187547
2021-07-13 19:24:50,002 - dist_train.py - INFO: Iter: 24450; Elasped: 1:37:09; ETA: 1:01:47; LR: 2.333e-05; seg_loss: 0.074886
2021-07-13 19:25:01,530 - dist_train.py - INFO: Iter: 24500; Elasped: 1:37:20; ETA: 1:01:34; LR: 2.325e-05; seg_loss: 0.103691
2021-07-13 19:25:13,046 - dist_train.py - INFO: Iter: 24550; Elasped: 1:37:32; ETA: 1:01:22; LR: 2.318e-05; seg_loss: 0.104040
2021-07-13 19:25:24,413 - dist_train.py - INFO: Iter: 24600; Elasped: 1:37:43; ETA: 1:01:10; LR: 2.310e-05; seg_loss: 0.252336
2021-07-13 19:25:35,757 - dist_train.py - INFO: Iter: 24650; Elasped: 1:37:54; ETA: 1:00:57; LR: 2.303e-05; seg_loss: 0.149112
2021-07-13 19:25:47,391 - dist_train.py - INFO: Iter: 24700; Elasped: 1:38:06; ETA: 1:00:45; LR: 2.295e-05; seg_loss: 0.063497
2021-07-13 19:25:59,079 - dist_train.py - INFO: Iter: 24750; Elasped: 1:38:18; ETA: 1:00:34; LR: 2.288e-05; seg_loss: 0.100519
2021-07-13 19:26:10,638 - dist_train.py - INFO: Iter: 24800; Elasped: 1:38:29; ETA: 1:00:21; LR: 2.280e-05; seg_loss: 0.060698
2021-07-13 19:26:22,151 - dist_train.py - INFO: Iter: 24850; Elasped: 1:38:41; ETA: 1:00:09; LR: 2.273e-05; seg_loss: 0.125903
2021-07-13 19:26:33,596 - dist_train.py - INFO: Iter: 24900; Elasped: 1:38:52; ETA: 0:59:57; LR: 2.265e-05; seg_loss: 0.086103
2021-07-13 19:26:45,218 - dist_train.py - INFO: Iter: 24950; Elasped: 1:39:04; ETA: 0:59:45; LR: 2.258e-05; seg_loss: 0.097709
2021-07-13 19:26:56,735 - dist_train.py - INFO: Iter: 25000; Elasped: 1:39:15; ETA: 0:59:33; LR: 2.250e-05; seg_loss: 0.082893
2021-07-13 19:26:56,735 - dist_train.py - INFO: Validating...
2021-07-13 19:27:29,800 - dist_train.py - INFO: {'Pixel Accuracy': 0.9423696715581596, 'Mean Accuracy': 0.8578507166877788, 'Mean IoU': 0.7517244095267293, 'Class IoU': {0: 0.9358257340326611, 1: 0.8775065926725863, 2: 0.3910270694066188, 3: 0.8633724930664899, 4: 0.6343875991294337, 5: 0.7103958429160614, 6: 0.9174517961076492, 7: 0.8601343939296305, 8: 0.9072135309099926, 9: 0.36636824737228063, 10: 0.8861961973031165, 11: 0.5397073290931795, 12: 0.8706441379282388, 13: 0.8481216618062509, 14: 0.8294663183390567, 15: 0.8355451167173547, 16: 0.6388484728814393, 17: 0.8774140205223395, 18: 0.47034823789251906, 19: 0.880027070535376, 20: 0.6462107374990362}}
2021-07-13 19:27:41,614 - dist_train.py - INFO: Iter: 25050; Elasped: 1:40:00; ETA: 0:59:40; LR: 2.243e-05; seg_loss: 0.080675
2021-07-13 19:27:53,107 - dist_train.py - INFO: Iter: 25100; Elasped: 1:40:12; ETA: 0:59:28; LR: 2.235e-05; seg_loss: 0.039882
2021-07-13 19:28:04,757 - dist_train.py - INFO: Iter: 25150; Elasped: 1:40:23; ETA: 0:59:16; LR: 2.228e-05; seg_loss: 0.061360
2021-07-13 19:28:16,117 - dist_train.py - INFO: Iter: 25200; Elasped: 1:40:35; ETA: 0:59:04; LR: 2.220e-05; seg_loss: 0.068926
2021-07-13 19:28:27,505 - dist_train.py - INFO: Iter: 25250; Elasped: 1:40:46; ETA: 0:58:51; LR: 2.213e-05; seg_loss: 0.096298
2021-07-13 19:28:39,047 - dist_train.py - INFO: Iter: 25300; Elasped: 1:40:58; ETA: 0:58:39; LR: 2.205e-05; seg_loss: 0.156971
2021-07-13 19:28:50,486 - dist_train.py - INFO: Iter: 25350; Elasped: 1:41:09; ETA: 0:58:27; LR: 2.198e-05; seg_loss: 0.101141
2021-07-13 19:29:02,121 - dist_train.py - INFO: Iter: 25400; Elasped: 1:41:21; ETA: 0:58:15; LR: 2.190e-05; seg_loss: 0.083965
2021-07-13 19:29:13,686 - dist_train.py - INFO: Iter: 25450; Elasped: 1:41:32; ETA: 0:58:02; LR: 2.183e-05; seg_loss: 0.057837
2021-07-13 19:29:25,195 - dist_train.py - INFO: Iter: 25500; Elasped: 1:41:44; ETA: 0:57:50; LR: 2.175e-05; seg_loss: 0.112420
2021-07-13 19:29:36,998 - dist_train.py - INFO: Iter: 25550; Elasped: 1:41:55; ETA: 0:57:38; LR: 2.168e-05; seg_loss: 0.114609
2021-07-13 19:29:48,440 - dist_train.py - INFO: Iter: 25600; Elasped: 1:42:07; ETA: 0:57:26; LR: 2.160e-05; seg_loss: 0.032371
2021-07-13 19:29:59,983 - dist_train.py - INFO: Iter: 25650; Elasped: 1:42:18; ETA: 0:57:13; LR: 2.153e-05; seg_loss: 0.119176
2021-07-13 19:30:11,484 - dist_train.py - INFO: Iter: 25700; Elasped: 1:42:30; ETA: 0:57:01; LR: 2.145e-05; seg_loss: 0.086263
2021-07-13 19:30:22,849 - dist_train.py - INFO: Iter: 25750; Elasped: 1:42:41; ETA: 0:56:49; LR: 2.138e-05; seg_loss: 0.109473
2021-07-13 19:30:34,247 - dist_train.py - INFO: Iter: 25800; Elasped: 1:42:53; ETA: 0:56:37; LR: 2.130e-05; seg_loss: 0.063017
2021-07-13 19:30:45,707 - dist_train.py - INFO: Iter: 25850; Elasped: 1:43:04; ETA: 0:56:25; LR: 2.123e-05; seg_loss: 0.094255
2021-07-13 19:30:57,993 - dist_train.py - INFO: Iter: 25900; Elasped: 1:43:16; ETA: 0:56:13; LR: 2.115e-05; seg_loss: 0.219703
2021-07-13 19:31:09,604 - dist_train.py - INFO: Iter: 25950; Elasped: 1:43:28; ETA: 0:56:01; LR: 2.108e-05; seg_loss: 0.470737
2021-07-13 19:31:21,126 - dist_train.py - INFO: Iter: 26000; Elasped: 1:43:40; ETA: 0:55:49; LR: 2.100e-05; seg_loss: 0.059363
2021-07-13 19:31:32,672 - dist_train.py - INFO: Iter: 26050; Elasped: 1:43:51; ETA: 0:55:36; LR: 2.093e-05; seg_loss: 0.112685
2021-07-13 19:31:44,164 - dist_train.py - INFO: Iter: 26100; Elasped: 1:44:03; ETA: 0:55:24; LR: 2.085e-05; seg_loss: 0.043019
2021-07-13 19:31:55,723 - dist_train.py - INFO: Iter: 26150; Elasped: 1:44:14; ETA: 0:55:12; LR: 2.078e-05; seg_loss: 0.121100
2021-07-13 19:32:07,237 - dist_train.py - INFO: Iter: 26200; Elasped: 1:44:26; ETA: 0:55:00; LR: 2.070e-05; seg_loss: 0.055411
2021-07-13 19:32:18,751 - dist_train.py - INFO: Iter: 26250; Elasped: 1:44:37; ETA: 0:54:47; LR: 2.063e-05; seg_loss: 0.129738
2021-07-13 19:32:30,271 - dist_train.py - INFO: Iter: 26300; Elasped: 1:44:49; ETA: 0:54:36; LR: 2.055e-05; seg_loss: 0.181791
2021-07-13 19:32:41,882 - dist_train.py - INFO: Iter: 26350; Elasped: 1:45:00; ETA: 0:54:23; LR: 2.048e-05; seg_loss: 0.045834
2021-07-13 19:32:53,259 - dist_train.py - INFO: Iter: 26400; Elasped: 1:45:12; ETA: 0:54:11; LR: 2.040e-05; seg_loss: 0.071802
2021-07-13 19:33:04,531 - dist_train.py - INFO: Iter: 26450; Elasped: 1:45:23; ETA: 0:53:59; LR: 2.033e-05; seg_loss: 0.130865
2021-07-13 19:33:16,295 - dist_train.py - INFO: Iter: 26500; Elasped: 1:45:35; ETA: 0:53:47; LR: 2.025e-05; seg_loss: 0.071538
2021-07-13 19:33:27,998 - dist_train.py - INFO: Iter: 26550; Elasped: 1:45:46; ETA: 0:53:34; LR: 2.018e-05; seg_loss: 0.080224
2021-07-13 19:33:39,473 - dist_train.py - INFO: Iter: 26600; Elasped: 1:45:58; ETA: 0:53:22; LR: 2.010e-05; seg_loss: 0.072920
2021-07-13 19:33:51,233 - dist_train.py - INFO: Iter: 26650; Elasped: 1:46:10; ETA: 0:53:10; LR: 2.003e-05; seg_loss: 0.058862
2021-07-13 19:34:02,863 - dist_train.py - INFO: Iter: 26700; Elasped: 1:46:21; ETA: 0:52:58; LR: 1.995e-05; seg_loss: 0.040664
2021-07-13 19:34:14,493 - dist_train.py - INFO: Iter: 26750; Elasped: 1:46:33; ETA: 0:52:46; LR: 1.988e-05; seg_loss: 0.073417
2021-07-13 19:34:25,963 - dist_train.py - INFO: Iter: 26800; Elasped: 1:46:44; ETA: 0:52:34; LR: 1.980e-05; seg_loss: 0.358737
2021-07-13 19:34:37,561 - dist_train.py - INFO: Iter: 26850; Elasped: 1:46:56; ETA: 0:52:22; LR: 1.973e-05; seg_loss: 0.328864
2021-07-13 19:34:49,098 - dist_train.py - INFO: Iter: 26900; Elasped: 1:47:08; ETA: 0:52:10; LR: 1.965e-05; seg_loss: 0.184887
2021-07-13 19:35:00,413 - dist_train.py - INFO: Iter: 26950; Elasped: 1:47:19; ETA: 0:51:57; LR: 1.958e-05; seg_loss: 0.097814
2021-07-13 19:35:11,913 - dist_train.py - INFO: Iter: 27000; Elasped: 1:47:30; ETA: 0:51:45; LR: 1.950e-05; seg_loss: 0.120466
2021-07-13 19:35:24,220 - dist_train.py - INFO: Iter: 27050; Elasped: 1:47:43; ETA: 0:51:34; LR: 1.943e-05; seg_loss: 0.103120
2021-07-13 19:35:35,935 - dist_train.py - INFO: Iter: 27100; Elasped: 1:47:54; ETA: 0:51:21; LR: 1.935e-05; seg_loss: 0.221196
2021-07-13 19:35:47,531 - dist_train.py - INFO: Iter: 27150; Elasped: 1:48:06; ETA: 0:51:09; LR: 1.928e-05; seg_loss: 0.137205
2021-07-13 19:35:59,106 - dist_train.py - INFO: Iter: 27200; Elasped: 1:48:18; ETA: 0:50:57; LR: 1.920e-05; seg_loss: 0.068801
2021-07-13 19:36:10,788 - dist_train.py - INFO: Iter: 27250; Elasped: 1:48:29; ETA: 0:50:45; LR: 1.913e-05; seg_loss: 0.384688
2021-07-13 19:36:22,234 - dist_train.py - INFO: Iter: 27300; Elasped: 1:48:41; ETA: 0:50:33; LR: 1.905e-05; seg_loss: 0.027545
2021-07-13 19:36:33,677 - dist_train.py - INFO: Iter: 27350; Elasped: 1:48:52; ETA: 0:50:21; LR: 1.898e-05; seg_loss: 0.104165
2021-07-13 19:36:45,269 - dist_train.py - INFO: Iter: 27400; Elasped: 1:49:04; ETA: 0:50:09; LR: 1.890e-05; seg_loss: 0.066183
2021-07-13 19:36:56,750 - dist_train.py - INFO: Iter: 27450; Elasped: 1:49:15; ETA: 0:49:56; LR: 1.883e-05; seg_loss: 0.069110
2021-07-13 19:37:08,330 - dist_train.py - INFO: Iter: 27500; Elasped: 1:49:27; ETA: 0:49:45; LR: 1.875e-05; seg_loss: 0.032586
2021-07-13 19:37:19,853 - dist_train.py - INFO: Iter: 27550; Elasped: 1:49:38; ETA: 0:49:32; LR: 1.868e-05; seg_loss: 0.134740
2021-07-13 19:37:31,187 - dist_train.py - INFO: Iter: 27600; Elasped: 1:49:50; ETA: 0:49:20; LR: 1.860e-05; seg_loss: 0.031547
2021-07-13 19:37:42,620 - dist_train.py - INFO: Iter: 27650; Elasped: 1:50:01; ETA: 0:49:08; LR: 1.853e-05; seg_loss: 0.152084
2021-07-13 19:37:54,190 - dist_train.py - INFO: Iter: 27700; Elasped: 1:50:13; ETA: 0:48:56; LR: 1.845e-05; seg_loss: 0.056151
2021-07-13 19:38:05,656 - dist_train.py - INFO: Iter: 27750; Elasped: 1:50:24; ETA: 0:48:44; LR: 1.838e-05; seg_loss: 0.145972
2021-07-13 19:38:17,229 - dist_train.py - INFO: Iter: 27800; Elasped: 1:50:36; ETA: 0:48:32; LR: 1.830e-05; seg_loss: 0.092287
2021-07-13 19:38:28,785 - dist_train.py - INFO: Iter: 27850; Elasped: 1:50:47; ETA: 0:48:19; LR: 1.823e-05; seg_loss: 0.130928
2021-07-13 19:38:40,346 - dist_train.py - INFO: Iter: 27900; Elasped: 1:50:59; ETA: 0:48:07; LR: 1.815e-05; seg_loss: 0.118120
2021-07-13 19:38:51,762 - dist_train.py - INFO: Iter: 27950; Elasped: 1:51:10; ETA: 0:47:55; LR: 1.808e-05; seg_loss: 0.089810
2021-07-13 19:39:03,230 - dist_train.py - INFO: Iter: 28000; Elasped: 1:51:22; ETA: 0:47:43; LR: 1.800e-05; seg_loss: 0.260031
2021-07-13 19:39:14,766 - dist_train.py - INFO: Iter: 28050; Elasped: 1:51:33; ETA: 0:47:31; LR: 1.793e-05; seg_loss: 0.084615
2021-07-13 19:39:26,193 - dist_train.py - INFO: Iter: 28100; Elasped: 1:51:45; ETA: 0:47:19; LR: 1.785e-05; seg_loss: 0.146687
2021-07-13 19:39:37,695 - dist_train.py - INFO: Iter: 28150; Elasped: 1:51:56; ETA: 0:47:07; LR: 1.778e-05; seg_loss: 0.076462
2021-07-13 19:39:49,163 - dist_train.py - INFO: Iter: 28200; Elasped: 1:52:08; ETA: 0:46:55; LR: 1.770e-05; seg_loss: 0.116247
2021-07-13 19:40:00,815 - dist_train.py - INFO: Iter: 28250; Elasped: 1:52:19; ETA: 0:46:42; LR: 1.763e-05; seg_loss: 0.040771
2021-07-13 19:40:12,398 - dist_train.py - INFO: Iter: 28300; Elasped: 1:52:31; ETA: 0:46:31; LR: 1.755e-05; seg_loss: 0.141230
2021-07-13 19:40:23,838 - dist_train.py - INFO: Iter: 28350; Elasped: 1:52:42; ETA: 0:46:18; LR: 1.748e-05; seg_loss: 0.081727
2021-07-13 19:40:35,422 - dist_train.py - INFO: Iter: 28400; Elasped: 1:52:54; ETA: 0:46:06; LR: 1.740e-05; seg_loss: 0.289594
2021-07-13 19:40:47,010 - dist_train.py - INFO: Iter: 28450; Elasped: 1:53:06; ETA: 0:45:54; LR: 1.733e-05; seg_loss: 0.040185
2021-07-13 19:40:58,568 - dist_train.py - INFO: Iter: 28500; Elasped: 1:53:17; ETA: 0:45:42; LR: 1.725e-05; seg_loss: 0.254991
2021-07-13 19:41:10,007 - dist_train.py - INFO: Iter: 28550; Elasped: 1:53:29; ETA: 0:45:30; LR: 1.718e-05; seg_loss: 0.125519
2021-07-13 19:41:21,424 - dist_train.py - INFO: Iter: 28600; Elasped: 1:53:40; ETA: 0:45:18; LR: 1.710e-05; seg_loss: 0.085731
2021-07-13 19:41:33,073 - dist_train.py - INFO: Iter: 28650; Elasped: 1:53:52; ETA: 0:45:06; LR: 1.703e-05; seg_loss: 0.077252
2021-07-13 19:41:44,786 - dist_train.py - INFO: Iter: 28700; Elasped: 1:54:03; ETA: 0:44:54; LR: 1.695e-05; seg_loss: 0.083177
2021-07-13 19:41:56,204 - dist_train.py - INFO: Iter: 28750; Elasped: 1:54:15; ETA: 0:44:42; LR: 1.688e-05; seg_loss: 0.182236
2021-07-13 19:42:07,640 - dist_train.py - INFO: Iter: 28800; Elasped: 1:54:26; ETA: 0:44:30; LR: 1.680e-05; seg_loss: 0.028333
2021-07-13 19:42:19,100 - dist_train.py - INFO: Iter: 28850; Elasped: 1:54:38; ETA: 0:44:18; LR: 1.673e-05; seg_loss: 0.107118
2021-07-13 19:42:30,508 - dist_train.py - INFO: Iter: 28900; Elasped: 1:54:49; ETA: 0:44:05; LR: 1.665e-05; seg_loss: 0.108879
2021-07-13 19:42:41,880 - dist_train.py - INFO: Iter: 28950; Elasped: 1:55:00; ETA: 0:43:53; LR: 1.658e-05; seg_loss: 0.064168
2021-07-13 19:42:53,331 - dist_train.py - INFO: Iter: 29000; Elasped: 1:55:12; ETA: 0:43:41; LR: 1.650e-05; seg_loss: 0.024326
2021-07-13 19:43:04,909 - dist_train.py - INFO: Iter: 29050; Elasped: 1:55:23; ETA: 0:43:29; LR: 1.643e-05; seg_loss: 0.079172
2021-07-13 19:43:16,714 - dist_train.py - INFO: Iter: 29100; Elasped: 1:55:35; ETA: 0:43:17; LR: 1.635e-05; seg_loss: 0.070091
2021-07-13 19:43:28,272 - dist_train.py - INFO: Iter: 29150; Elasped: 1:55:47; ETA: 0:43:05; LR: 1.628e-05; seg_loss: 0.097398
2021-07-13 19:43:39,691 - dist_train.py - INFO: Iter: 29200; Elasped: 1:55:58; ETA: 0:42:53; LR: 1.620e-05; seg_loss: 0.062156
2021-07-13 19:43:51,199 - dist_train.py - INFO: Iter: 29250; Elasped: 1:56:10; ETA: 0:42:41; LR: 1.613e-05; seg_loss: 0.054898
2021-07-13 19:44:02,746 - dist_train.py - INFO: Iter: 29300; Elasped: 1:56:21; ETA: 0:42:29; LR: 1.605e-05; seg_loss: 0.055098
2021-07-13 19:44:14,299 - dist_train.py - INFO: Iter: 29350; Elasped: 1:56:33; ETA: 0:42:17; LR: 1.598e-05; seg_loss: 0.041379
2021-07-13 19:44:25,264 - dist_train.py - INFO: Iter: 29400; Elasped: 1:56:44; ETA: 0:42:05; LR: 1.590e-05; seg_loss: 0.077508
2021-07-13 19:44:37,783 - dist_train.py - INFO: Iter: 29450; Elasped: 1:56:56; ETA: 0:41:53; LR: 1.583e-05; seg_loss: 0.088173
2021-07-13 19:44:49,317 - dist_train.py - INFO: Iter: 29500; Elasped: 1:57:08; ETA: 0:41:41; LR: 1.575e-05; seg_loss: 0.060957
2021-07-13 19:45:00,843 - dist_train.py - INFO: Iter: 29550; Elasped: 1:57:19; ETA: 0:41:29; LR: 1.568e-05; seg_loss: 0.100827
2021-07-13 19:45:12,310 - dist_train.py - INFO: Iter: 29600; Elasped: 1:57:31; ETA: 0:41:17; LR: 1.560e-05; seg_loss: 0.023785
2021-07-13 19:45:23,813 - dist_train.py - INFO: Iter: 29650; Elasped: 1:57:42; ETA: 0:41:05; LR: 1.553e-05; seg_loss: 0.106035
2021-07-13 19:45:35,281 - dist_train.py - INFO: Iter: 29700; Elasped: 1:57:54; ETA: 0:40:53; LR: 1.545e-05; seg_loss: 0.124546
2021-07-13 19:45:46,898 - dist_train.py - INFO: Iter: 29750; Elasped: 1:58:05; ETA: 0:40:41; LR: 1.538e-05; seg_loss: 0.082164
2021-07-13 19:45:58,233 - dist_train.py - INFO: Iter: 29800; Elasped: 1:58:17; ETA: 0:40:29; LR: 1.530e-05; seg_loss: 0.037772
2021-07-13 19:46:09,835 - dist_train.py - INFO: Iter: 29850; Elasped: 1:58:28; ETA: 0:40:16; LR: 1.523e-05; seg_loss: 0.052759
2021-07-13 19:46:21,404 - dist_train.py - INFO: Iter: 29900; Elasped: 1:58:40; ETA: 0:40:05; LR: 1.515e-05; seg_loss: 0.128489
2021-07-13 19:46:32,833 - dist_train.py - INFO: Iter: 29950; Elasped: 1:58:51; ETA: 0:39:52; LR: 1.508e-05; seg_loss: 0.042416
2021-07-13 19:46:44,453 - dist_train.py - INFO: Iter: 30000; Elasped: 1:59:03; ETA: 0:39:41; LR: 1.500e-05; seg_loss: 0.100871
2021-07-13 19:46:44,454 - dist_train.py - INFO: Validating...
2021-07-13 19:47:17,064 - dist_train.py - INFO: {'Pixel Accuracy': 0.9463955797350121, 'Mean Accuracy': 0.8537707395293959, 'Mean IoU': 0.765436629969516, 'Class IoU': {0: 0.9408409958719076, 1: 0.9139821513221624, 2: 0.41846768550210367, 3: 0.8834756264896484, 4: 0.6855582273715403, 5: 0.7551178100581335, 6: 0.9063162845416577, 7: 0.8660187829194717, 8: 0.9007269431093642, 9: 0.3857033888677507, 10: 0.8963123356680439, 11: 0.5084550967350766, 12: 0.8691164367035525, 13: 0.8624437103817186, 14: 0.8272561865451274, 15: 0.8390119081386338, 16: 0.6733511159141032, 17: 0.9029452524869535, 18: 0.5304783699876107, 19: 0.8555315904134065, 20: 0.6530593303318698}}
2021-07-13 19:47:28,463 - dist_train.py - INFO: Iter: 30050; Elasped: 1:59:47; ETA: 0:39:39; LR: 1.493e-05; seg_loss: 0.093276
2021-07-13 19:47:40,079 - dist_train.py - INFO: Iter: 30100; Elasped: 1:59:59; ETA: 0:39:27; LR: 1.485e-05; seg_loss: 0.132287
2021-07-13 19:47:51,743 - dist_train.py - INFO: Iter: 30150; Elasped: 2:00:10; ETA: 0:39:15; LR: 1.478e-05; seg_loss: 0.063179
2021-07-13 19:48:03,306 - dist_train.py - INFO: Iter: 30200; Elasped: 2:00:22; ETA: 0:39:03; LR: 1.470e-05; seg_loss: 0.272951
2021-07-13 19:48:14,876 - dist_train.py - INFO: Iter: 30250; Elasped: 2:00:33; ETA: 0:38:51; LR: 1.463e-05; seg_loss: 0.090055
2021-07-13 19:48:26,538 - dist_train.py - INFO: Iter: 30300; Elasped: 2:00:45; ETA: 0:38:39; LR: 1.455e-05; seg_loss: 0.038077
2021-07-13 19:48:37,938 - dist_train.py - INFO: Iter: 30350; Elasped: 2:00:56; ETA: 0:38:27; LR: 1.448e-05; seg_loss: 0.081003
2021-07-13 19:48:49,444 - dist_train.py - INFO: Iter: 30400; Elasped: 2:01:08; ETA: 0:38:15; LR: 1.440e-05; seg_loss: 0.030055
2021-07-13 19:49:00,983 - dist_train.py - INFO: Iter: 30450; Elasped: 2:01:19; ETA: 0:38:02; LR: 1.433e-05; seg_loss: 0.046907
2021-07-13 19:49:12,521 - dist_train.py - INFO: Iter: 30500; Elasped: 2:01:31; ETA: 0:37:50; LR: 1.425e-05; seg_loss: 0.288405
2021-07-13 19:49:24,157 - dist_train.py - INFO: Iter: 30550; Elasped: 2:01:43; ETA: 0:37:39; LR: 1.418e-05; seg_loss: 0.112861
2021-07-13 19:49:36,349 - dist_train.py - INFO: Iter: 30600; Elasped: 2:01:55; ETA: 0:37:27; LR: 1.410e-05; seg_loss: 0.016093
2021-07-13 19:49:47,840 - dist_train.py - INFO: Iter: 30650; Elasped: 2:02:06; ETA: 0:37:14; LR: 1.403e-05; seg_loss: 0.133603
2021-07-13 19:49:59,414 - dist_train.py - INFO: Iter: 30700; Elasped: 2:02:18; ETA: 0:37:02; LR: 1.395e-05; seg_loss: 0.104649
2021-07-13 19:50:10,935 - dist_train.py - INFO: Iter: 30750; Elasped: 2:02:29; ETA: 0:36:50; LR: 1.388e-05; seg_loss: 0.152814
2021-07-13 19:50:22,428 - dist_train.py - INFO: Iter: 30800; Elasped: 2:02:41; ETA: 0:36:38; LR: 1.380e-05; seg_loss: 0.094458
2021-07-13 19:50:33,948 - dist_train.py - INFO: Iter: 30850; Elasped: 2:02:52; ETA: 0:36:26; LR: 1.373e-05; seg_loss: 0.189027
2021-07-13 19:50:45,370 - dist_train.py - INFO: Iter: 30900; Elasped: 2:03:04; ETA: 0:36:14; LR: 1.365e-05; seg_loss: 0.038168
2021-07-13 19:50:56,948 - dist_train.py - INFO: Iter: 30950; Elasped: 2:03:15; ETA: 0:36:02; LR: 1.358e-05; seg_loss: 0.115310
2021-07-13 19:51:08,494 - dist_train.py - INFO: Iter: 31000; Elasped: 2:03:27; ETA: 0:35:50; LR: 1.350e-05; seg_loss: 0.091824
2021-07-13 19:51:20,441 - dist_train.py - INFO: Iter: 31050; Elasped: 2:03:39; ETA: 0:35:38; LR: 1.343e-05; seg_loss: 0.124467
2021-07-13 19:51:31,792 - dist_train.py - INFO: Iter: 31100; Elasped: 2:03:50; ETA: 0:35:26; LR: 1.335e-05; seg_loss: 0.143411
2021-07-13 19:51:43,311 - dist_train.py - INFO: Iter: 31150; Elasped: 2:04:02; ETA: 0:35:14; LR: 1.328e-05; seg_loss: 0.123632
2021-07-13 19:51:54,848 - dist_train.py - INFO: Iter: 31200; Elasped: 2:04:13; ETA: 0:35:02; LR: 1.320e-05; seg_loss: 0.017925
2021-07-13 19:52:06,406 - dist_train.py - INFO: Iter: 31250; Elasped: 2:04:25; ETA: 0:34:50; LR: 1.313e-05; seg_loss: 0.134681
2021-07-13 19:52:18,104 - dist_train.py - INFO: Iter: 31300; Elasped: 2:04:37; ETA: 0:34:38; LR: 1.305e-05; seg_loss: 0.116267
2021-07-13 19:52:29,773 - dist_train.py - INFO: Iter: 31350; Elasped: 2:04:48; ETA: 0:34:26; LR: 1.298e-05; seg_loss: 0.067733
2021-07-13 19:52:41,353 - dist_train.py - INFO: Iter: 31400; Elasped: 2:05:00; ETA: 0:34:14; LR: 1.290e-05; seg_loss: 0.013903
2021-07-13 19:52:53,223 - dist_train.py - INFO: Iter: 31450; Elasped: 2:05:12; ETA: 0:34:02; LR: 1.283e-05; seg_loss: 0.236208
2021-07-13 19:53:04,633 - dist_train.py - INFO: Iter: 31500; Elasped: 2:05:23; ETA: 0:33:50; LR: 1.275e-05; seg_loss: 0.075182
2021-07-13 19:53:16,434 - dist_train.py - INFO: Iter: 31550; Elasped: 2:05:35; ETA: 0:33:38; LR: 1.268e-05; seg_loss: 0.168661
2021-07-13 19:53:28,063 - dist_train.py - INFO: Iter: 31600; Elasped: 2:05:47; ETA: 0:33:26; LR: 1.260e-05; seg_loss: 0.124724
2021-07-13 19:53:39,624 - dist_train.py - INFO: Iter: 31650; Elasped: 2:05:58; ETA: 0:33:13; LR: 1.253e-05; seg_loss: 0.154724
2021-07-13 19:53:51,053 - dist_train.py - INFO: Iter: 31700; Elasped: 2:06:10; ETA: 0:33:02; LR: 1.245e-05; seg_loss: 0.330061
2021-07-13 19:54:02,074 - dist_train.py - INFO: Iter: 31750; Elasped: 2:06:21; ETA: 0:32:49; LR: 1.238e-05; seg_loss: 0.042175
2021-07-13 19:54:14,367 - dist_train.py - INFO: Iter: 31800; Elasped: 2:06:33; ETA: 0:32:37; LR: 1.230e-05; seg_loss: 0.092169
2021-07-13 19:54:25,903 - dist_train.py - INFO: Iter: 31850; Elasped: 2:06:44; ETA: 0:32:25; LR: 1.223e-05; seg_loss: 0.121723
2021-07-13 19:54:37,359 - dist_train.py - INFO: Iter: 31900; Elasped: 2:06:56; ETA: 0:32:13; LR: 1.215e-05; seg_loss: 0.032156
2021-07-13 19:54:48,822 - dist_train.py - INFO: Iter: 31950; Elasped: 2:07:07; ETA: 0:32:01; LR: 1.208e-05; seg_loss: 0.081411
2021-07-13 19:55:00,400 - dist_train.py - INFO: Iter: 32000; Elasped: 2:07:19; ETA: 0:31:49; LR: 1.200e-05; seg_loss: 0.114796
2021-07-13 19:55:11,987 - dist_train.py - INFO: Iter: 32050; Elasped: 2:07:30; ETA: 0:31:37; LR: 1.193e-05; seg_loss: 0.112073
2021-07-13 19:55:23,399 - dist_train.py - INFO: Iter: 32100; Elasped: 2:07:42; ETA: 0:31:25; LR: 1.185e-05; seg_loss: 0.049699
2021-07-13 19:55:34,924 - dist_train.py - INFO: Iter: 32150; Elasped: 2:07:53; ETA: 0:31:13; LR: 1.178e-05; seg_loss: 0.051501
2021-07-13 19:55:46,592 - dist_train.py - INFO: Iter: 32200; Elasped: 2:08:05; ETA: 0:31:01; LR: 1.170e-05; seg_loss: 0.098975
2021-07-13 19:55:58,382 - dist_train.py - INFO: Iter: 32250; Elasped: 2:08:17; ETA: 0:30:49; LR: 1.163e-05; seg_loss: 0.102919
2021-07-13 19:56:09,775 - dist_train.py - INFO: Iter: 32300; Elasped: 2:08:28; ETA: 0:30:37; LR: 1.155e-05; seg_loss: 0.098949
2021-07-13 19:56:21,227 - dist_train.py - INFO: Iter: 32350; Elasped: 2:08:40; ETA: 0:30:25; LR: 1.148e-05; seg_loss: 0.116685
2021-07-13 19:56:32,811 - dist_train.py - INFO: Iter: 32400; Elasped: 2:08:51; ETA: 0:30:13; LR: 1.140e-05; seg_loss: 0.087922
2021-07-13 19:56:44,274 - dist_train.py - INFO: Iter: 32450; Elasped: 2:09:03; ETA: 0:30:01; LR: 1.133e-05; seg_loss: 0.070817
2021-07-13 19:56:55,907 - dist_train.py - INFO: Iter: 32500; Elasped: 2:09:14; ETA: 0:29:49; LR: 1.125e-05; seg_loss: 0.157263
2021-07-13 19:57:07,518 - dist_train.py - INFO: Iter: 32550; Elasped: 2:09:26; ETA: 0:29:37; LR: 1.118e-05; seg_loss: 0.045697
2021-07-13 19:57:19,122 - dist_train.py - INFO: Iter: 32600; Elasped: 2:09:38; ETA: 0:29:25; LR: 1.110e-05; seg_loss: 0.116668
2021-07-13 19:57:30,856 - dist_train.py - INFO: Iter: 32650; Elasped: 2:09:49; ETA: 0:29:13; LR: 1.103e-05; seg_loss: 0.087831
2021-07-13 19:57:42,382 - dist_train.py - INFO: Iter: 32700; Elasped: 2:10:01; ETA: 0:29:01; LR: 1.095e-05; seg_loss: 0.109167
2021-07-13 19:57:53,947 - dist_train.py - INFO: Iter: 32750; Elasped: 2:10:12; ETA: 0:28:49; LR: 1.088e-05; seg_loss: 0.050900
2021-07-13 19:58:05,537 - dist_train.py - INFO: Iter: 32800; Elasped: 2:10:24; ETA: 0:28:37; LR: 1.080e-05; seg_loss: 0.107965
2021-07-13 19:58:17,017 - dist_train.py - INFO: Iter: 32850; Elasped: 2:10:36; ETA: 0:28:25; LR: 1.073e-05; seg_loss: 0.022472
2021-07-13 19:58:28,650 - dist_train.py - INFO: Iter: 32900; Elasped: 2:10:47; ETA: 0:28:13; LR: 1.065e-05; seg_loss: 0.085508
2021-07-13 19:58:40,286 - dist_train.py - INFO: Iter: 32950; Elasped: 2:10:59; ETA: 0:28:01; LR: 1.058e-05; seg_loss: 0.148894
2021-07-13 19:58:51,939 - dist_train.py - INFO: Iter: 33000; Elasped: 2:11:10; ETA: 0:27:49; LR: 1.050e-05; seg_loss: 0.082787
2021-07-13 19:59:03,528 - dist_train.py - INFO: Iter: 33050; Elasped: 2:11:22; ETA: 0:27:37; LR: 1.043e-05; seg_loss: 0.033926
2021-07-13 19:59:15,154 - dist_train.py - INFO: Iter: 33100; Elasped: 2:11:34; ETA: 0:27:25; LR: 1.035e-05; seg_loss: 0.057803
2021-07-13 19:59:26,476 - dist_train.py - INFO: Iter: 33150; Elasped: 2:11:45; ETA: 0:27:13; LR: 1.028e-05; seg_loss: 0.051994
2021-07-13 19:59:38,052 - dist_train.py - INFO: Iter: 33200; Elasped: 2:11:57; ETA: 0:27:01; LR: 1.020e-05; seg_loss: 0.175929
2021-07-13 19:59:49,615 - dist_train.py - INFO: Iter: 33250; Elasped: 2:12:08; ETA: 0:26:49; LR: 1.013e-05; seg_loss: 0.085233
2021-07-13 20:00:01,074 - dist_train.py - INFO: Iter: 33300; Elasped: 2:12:20; ETA: 0:26:37; LR: 1.005e-05; seg_loss: 0.058212
2021-07-13 20:00:12,608 - dist_train.py - INFO: Iter: 33350; Elasped: 2:12:31; ETA: 0:26:25; LR: 9.976e-06; seg_loss: 0.034673
2021-07-13 20:00:24,119 - dist_train.py - INFO: Iter: 33400; Elasped: 2:12:43; ETA: 0:26:13; LR: 9.901e-06; seg_loss: 0.140898
2021-07-13 20:00:35,628 - dist_train.py - INFO: Iter: 33450; Elasped: 2:12:54; ETA: 0:26:01; LR: 9.826e-06; seg_loss: 0.066970
2021-07-13 20:00:47,061 - dist_train.py - INFO: Iter: 33500; Elasped: 2:13:06; ETA: 0:25:49; LR: 9.752e-06; seg_loss: 0.114682
2021-07-13 20:00:58,481 - dist_train.py - INFO: Iter: 33550; Elasped: 2:13:17; ETA: 0:25:37; LR: 9.676e-06; seg_loss: 0.072211
2021-07-13 20:01:10,025 - dist_train.py - INFO: Iter: 33600; Elasped: 2:13:29; ETA: 0:25:25; LR: 9.601e-06; seg_loss: 0.052160
2021-07-13 20:01:21,592 - dist_train.py - INFO: Iter: 33650; Elasped: 2:13:40; ETA: 0:25:13; LR: 9.527e-06; seg_loss: 0.162372
2021-07-13 20:01:33,067 - dist_train.py - INFO: Iter: 33700; Elasped: 2:13:52; ETA: 0:25:01; LR: 9.452e-06; seg_loss: 0.123796
2021-07-13 20:01:44,788 - dist_train.py - INFO: Iter: 33750; Elasped: 2:14:03; ETA: 0:24:49; LR: 9.377e-06; seg_loss: 0.059742
2021-07-13 20:01:56,462 - dist_train.py - INFO: Iter: 33800; Elasped: 2:14:15; ETA: 0:24:37; LR: 9.301e-06; seg_loss: 0.174190
2021-07-13 20:02:08,251 - dist_train.py - INFO: Iter: 33850; Elasped: 2:14:27; ETA: 0:24:25; LR: 9.227e-06; seg_loss: 0.122388
2021-07-13 20:02:19,882 - dist_train.py - INFO: Iter: 33900; Elasped: 2:14:38; ETA: 0:24:13; LR: 9.152e-06; seg_loss: 0.128404
2021-07-13 20:02:31,533 - dist_train.py - INFO: Iter: 33950; Elasped: 2:14:50; ETA: 0:24:01; LR: 9.077e-06; seg_loss: 0.034829
2021-07-13 20:02:43,153 - dist_train.py - INFO: Iter: 34000; Elasped: 2:15:02; ETA: 0:23:49; LR: 9.001e-06; seg_loss: 0.044279
2021-07-13 20:02:54,653 - dist_train.py - INFO: Iter: 34050; Elasped: 2:15:13; ETA: 0:23:37; LR: 8.926e-06; seg_loss: 0.134968
2021-07-13 20:03:05,855 - dist_train.py - INFO: Iter: 34100; Elasped: 2:15:24; ETA: 0:23:25; LR: 8.852e-06; seg_loss: 0.047170
2021-07-13 20:03:18,169 - dist_train.py - INFO: Iter: 34150; Elasped: 2:15:37; ETA: 0:23:13; LR: 8.777e-06; seg_loss: 0.210019
2021-07-13 20:03:29,863 - dist_train.py - INFO: Iter: 34200; Elasped: 2:15:48; ETA: 0:23:01; LR: 8.701e-06; seg_loss: 0.143027
2021-07-13 20:03:41,395 - dist_train.py - INFO: Iter: 34250; Elasped: 2:16:00; ETA: 0:22:49; LR: 8.626e-06; seg_loss: 0.081215
2021-07-13 20:03:52,732 - dist_train.py - INFO: Iter: 34300; Elasped: 2:16:11; ETA: 0:22:37; LR: 8.552e-06; seg_loss: 0.042274
2021-07-13 20:04:04,267 - dist_train.py - INFO: Iter: 34350; Elasped: 2:16:23; ETA: 0:22:25; LR: 8.477e-06; seg_loss: 0.083991
2021-07-13 20:04:15,842 - dist_train.py - INFO: Iter: 34400; Elasped: 2:16:34; ETA: 0:22:13; LR: 8.401e-06; seg_loss: 0.167354
2021-07-13 20:04:27,351 - dist_train.py - INFO: Iter: 34450; Elasped: 2:16:46; ETA: 0:22:02; LR: 8.326e-06; seg_loss: 0.117903
2021-07-13 20:04:38,967 - dist_train.py - INFO: Iter: 34500; Elasped: 2:16:57; ETA: 0:21:49; LR: 8.252e-06; seg_loss: 0.083408
2021-07-13 20:04:50,669 - dist_train.py - INFO: Iter: 34550; Elasped: 2:17:09; ETA: 0:21:38; LR: 8.177e-06; seg_loss: 0.151970
2021-07-13 20:05:02,476 - dist_train.py - INFO: Iter: 34600; Elasped: 2:17:21; ETA: 0:21:26; LR: 8.101e-06; seg_loss: 0.311174
2021-07-13 20:05:13,878 - dist_train.py - INFO: Iter: 34650; Elasped: 2:17:32; ETA: 0:21:14; LR: 8.026e-06; seg_loss: 0.114622
2021-07-13 20:05:25,297 - dist_train.py - INFO: Iter: 34700; Elasped: 2:17:44; ETA: 0:21:02; LR: 7.952e-06; seg_loss: 0.087844
2021-07-13 20:05:36,796 - dist_train.py - INFO: Iter: 34750; Elasped: 2:17:55; ETA: 0:20:50; LR: 7.877e-06; seg_loss: 0.251272
2021-07-13 20:05:48,230 - dist_train.py - INFO: Iter: 34800; Elasped: 2:18:07; ETA: 0:20:38; LR: 7.801e-06; seg_loss: 0.088538
2021-07-13 20:05:59,848 - dist_train.py - INFO: Iter: 34850; Elasped: 2:18:18; ETA: 0:20:26; LR: 7.726e-06; seg_loss: 0.076530
2021-07-13 20:06:11,449 - dist_train.py - INFO: Iter: 34900; Elasped: 2:18:30; ETA: 0:20:14; LR: 7.651e-06; seg_loss: 0.113058
2021-07-13 20:06:23,164 - dist_train.py - INFO: Iter: 34950; Elasped: 2:18:42; ETA: 0:20:02; LR: 7.577e-06; seg_loss: 0.131033
2021-07-13 20:06:34,687 - dist_train.py - INFO: Iter: 35000; Elasped: 2:18:53; ETA: 0:19:50; LR: 7.502e-06; seg_loss: 0.162973
2021-07-13 20:06:34,688 - dist_train.py - INFO: Validating...
2021-07-13 20:07:07,594 - dist_train.py - INFO: {'Pixel Accuracy': 0.9464953441743915, 'Mean Accuracy': 0.8536289379420656, 'Mean IoU': 0.7638155693964831, 'Class IoU': {0: 0.9413519673283829, 1: 0.8913319544853917, 2: 0.4360623425485198, 3: 0.8698241528535515, 4: 0.6678203321855141, 5: 0.7647890409050583, 6: 0.9147864070528461, 7: 0.8649419153997474, 8: 0.9029647519375141, 9: 0.3951904685046036, 10: 0.8679450247591547, 11: 0.5165658784035035, 12: 0.8366371645019129, 13: 0.8479811816135548, 14: 0.8504690516218623, 15: 0.8474340426444414, 16: 0.6599266310553298, 17: 0.9044258688433305, 18: 0.4942971653421058, 19: 0.8770026864250458, 20: 0.6883789289147711}}
2021-07-13 20:07:18,990 - dist_train.py - INFO: Iter: 35050; Elasped: 2:19:37; ETA: 0:19:43; LR: 7.426e-06; seg_loss: 0.068922
2021-07-13 20:07:30,572 - dist_train.py - INFO: Iter: 35100; Elasped: 2:19:49; ETA: 0:19:31; LR: 7.351e-06; seg_loss: 0.106688
2021-07-13 20:07:42,324 - dist_train.py - INFO: Iter: 35150; Elasped: 2:20:01; ETA: 0:19:19; LR: 7.277e-06; seg_loss: 0.041734
2021-07-13 20:07:53,920 - dist_train.py - INFO: Iter: 35200; Elasped: 2:20:12; ETA: 0:19:07; LR: 7.202e-06; seg_loss: 0.020786
2021-07-13 20:08:05,485 - dist_train.py - INFO: Iter: 35250; Elasped: 2:20:24; ETA: 0:18:55; LR: 7.126e-06; seg_loss: 0.114826
2021-07-13 20:08:17,689 - dist_train.py - INFO: Iter: 35300; Elasped: 2:20:36; ETA: 0:18:43; LR: 7.051e-06; seg_loss: 0.255785
2021-07-13 20:08:29,206 - dist_train.py - INFO: Iter: 35350; Elasped: 2:20:48; ETA: 0:18:31; LR: 6.977e-06; seg_loss: 0.121109
2021-07-13 20:08:40,740 - dist_train.py - INFO: Iter: 35400; Elasped: 2:20:59; ETA: 0:18:19; LR: 6.902e-06; seg_loss: 0.048695
2021-07-13 20:08:52,331 - dist_train.py - INFO: Iter: 35450; Elasped: 2:21:11; ETA: 0:18:07; LR: 6.826e-06; seg_loss: 0.243104
2021-07-13 20:09:03,796 - dist_train.py - INFO: Iter: 35500; Elasped: 2:21:22; ETA: 0:17:55; LR: 6.751e-06; seg_loss: 0.102292
2021-07-13 20:09:15,276 - dist_train.py - INFO: Iter: 35550; Elasped: 2:21:34; ETA: 0:17:43; LR: 6.677e-06; seg_loss: 0.049159
2021-07-13 20:09:26,780 - dist_train.py - INFO: Iter: 35600; Elasped: 2:21:45; ETA: 0:17:31; LR: 6.602e-06; seg_loss: 0.095661
2021-07-13 20:09:38,243 - dist_train.py - INFO: Iter: 35650; Elasped: 2:21:57; ETA: 0:17:19; LR: 6.526e-06; seg_loss: 0.097976
2021-07-13 20:09:49,848 - dist_train.py - INFO: Iter: 35700; Elasped: 2:22:08; ETA: 0:17:07; LR: 6.451e-06; seg_loss: 0.022682
2021-07-13 20:10:01,575 - dist_train.py - INFO: Iter: 35750; Elasped: 2:22:20; ETA: 0:16:55; LR: 6.377e-06; seg_loss: 0.101794
2021-07-13 20:10:13,080 - dist_train.py - INFO: Iter: 35800; Elasped: 2:22:32; ETA: 0:16:43; LR: 6.302e-06; seg_loss: 0.071627
2021-07-13 20:10:24,435 - dist_train.py - INFO: Iter: 35850; Elasped: 2:22:43; ETA: 0:16:31; LR: 6.226e-06; seg_loss: 0.028460
2021-07-13 20:10:35,856 - dist_train.py - INFO: Iter: 35900; Elasped: 2:22:54; ETA: 0:16:19; LR: 6.151e-06; seg_loss: 0.080196
2021-07-13 20:10:47,336 - dist_train.py - INFO: Iter: 35950; Elasped: 2:23:06; ETA: 0:16:07; LR: 6.077e-06; seg_loss: 0.043148
2021-07-13 20:10:58,874 - dist_train.py - INFO: Iter: 36000; Elasped: 2:23:17; ETA: 0:15:55; LR: 6.002e-06; seg_loss: 0.064899
2021-07-13 20:11:10,247 - dist_train.py - INFO: Iter: 36050; Elasped: 2:23:29; ETA: 0:15:43; LR: 5.926e-06; seg_loss: 0.043272
2021-07-13 20:11:21,789 - dist_train.py - INFO: Iter: 36100; Elasped: 2:23:40; ETA: 0:15:31; LR: 5.851e-06; seg_loss: 0.138284
2021-07-13 20:11:33,444 - dist_train.py - INFO: Iter: 36150; Elasped: 2:23:52; ETA: 0:15:19; LR: 5.777e-06; seg_loss: 0.065204
2021-07-13 20:11:45,078 - dist_train.py - INFO: Iter: 36200; Elasped: 2:24:04; ETA: 0:15:07; LR: 5.702e-06; seg_loss: 0.093708
2021-07-13 20:11:56,616 - dist_train.py - INFO: Iter: 36250; Elasped: 2:24:15; ETA: 0:14:55; LR: 5.627e-06; seg_loss: 0.059201
2021-07-13 20:12:08,150 - dist_train.py - INFO: Iter: 36300; Elasped: 2:24:27; ETA: 0:14:43; LR: 5.551e-06; seg_loss: 0.038380
2021-07-13 20:12:19,904 - dist_train.py - INFO: Iter: 36350; Elasped: 2:24:38; ETA: 0:14:31; LR: 5.476e-06; seg_loss: 0.122312
2021-07-13 20:12:31,567 - dist_train.py - INFO: Iter: 36400; Elasped: 2:24:50; ETA: 0:14:19; LR: 5.402e-06; seg_loss: 0.039251
2021-07-13 20:12:43,068 - dist_train.py - INFO: Iter: 36450; Elasped: 2:25:02; ETA: 0:14:07; LR: 5.327e-06; seg_loss: 0.102740
2021-07-13 20:12:55,340 - dist_train.py - INFO: Iter: 36500; Elasped: 2:25:14; ETA: 0:13:55; LR: 5.251e-06; seg_loss: 0.204277
2021-07-13 20:13:07,124 - dist_train.py - INFO: Iter: 36550; Elasped: 2:25:26; ETA: 0:13:43; LR: 5.176e-06; seg_loss: 0.124429
2021-07-13 20:13:18,495 - dist_train.py - INFO: Iter: 36600; Elasped: 2:25:37; ETA: 0:13:31; LR: 5.102e-06; seg_loss: 0.063790
2021-07-13 20:13:30,024 - dist_train.py - INFO: Iter: 36650; Elasped: 2:25:49; ETA: 0:13:19; LR: 5.027e-06; seg_loss: 0.051336
2021-07-13 20:13:41,621 - dist_train.py - INFO: Iter: 36700; Elasped: 2:26:00; ETA: 0:13:07; LR: 4.951e-06; seg_loss: 0.163853
2021-07-13 20:13:53,291 - dist_train.py - INFO: Iter: 36750; Elasped: 2:26:12; ETA: 0:12:55; LR: 4.876e-06; seg_loss: 0.035174
2021-07-13 20:14:04,829 - dist_train.py - INFO: Iter: 36800; Elasped: 2:26:23; ETA: 0:12:43; LR: 4.802e-06; seg_loss: 0.043339
2021-07-13 20:14:16,287 - dist_train.py - INFO: Iter: 36850; Elasped: 2:26:35; ETA: 0:12:31; LR: 4.727e-06; seg_loss: 0.041149
2021-07-13 20:14:27,734 - dist_train.py - INFO: Iter: 36900; Elasped: 2:26:46; ETA: 0:12:19; LR: 4.651e-06; seg_loss: 0.074554
2021-07-13 20:14:39,519 - dist_train.py - INFO: Iter: 36950; Elasped: 2:26:58; ETA: 0:12:07; LR: 4.576e-06; seg_loss: 0.132102
2021-07-13 20:14:50,969 - dist_train.py - INFO: Iter: 37000; Elasped: 2:27:09; ETA: 0:11:55; LR: 4.502e-06; seg_loss: 0.088639
2021-07-13 20:15:02,618 - dist_train.py - INFO: Iter: 37050; Elasped: 2:27:21; ETA: 0:11:43; LR: 4.427e-06; seg_loss: 0.066264
2021-07-13 20:15:14,249 - dist_train.py - INFO: Iter: 37100; Elasped: 2:27:33; ETA: 0:11:32; LR: 4.351e-06; seg_loss: 0.148199
2021-07-13 20:15:25,897 - dist_train.py - INFO: Iter: 37150; Elasped: 2:27:44; ETA: 0:11:20; LR: 4.276e-06; seg_loss: 0.073378
2021-07-13 20:15:37,571 - dist_train.py - INFO: Iter: 37200; Elasped: 2:27:56; ETA: 0:11:08; LR: 4.202e-06; seg_loss: 0.122158
2021-07-13 20:15:49,050 - dist_train.py - INFO: Iter: 37250; Elasped: 2:28:08; ETA: 0:10:56; LR: 4.127e-06; seg_loss: 0.054043
2021-07-13 20:16:00,613 - dist_train.py - INFO: Iter: 37300; Elasped: 2:28:19; ETA: 0:10:44; LR: 4.051e-06; seg_loss: 0.062699
2021-07-13 20:16:12,331 - dist_train.py - INFO: Iter: 37350; Elasped: 2:28:31; ETA: 0:10:32; LR: 3.976e-06; seg_loss: 0.021252
2021-07-13 20:16:23,878 - dist_train.py - INFO: Iter: 37400; Elasped: 2:28:42; ETA: 0:10:20; LR: 3.901e-06; seg_loss: 0.145587
2021-07-13 20:16:35,475 - dist_train.py - INFO: Iter: 37450; Elasped: 2:28:54; ETA: 0:10:08; LR: 3.827e-06; seg_loss: 0.079545
2021-07-13 20:16:46,900 - dist_train.py - INFO: Iter: 37500; Elasped: 2:29:05; ETA: 0:09:56; LR: 3.752e-06; seg_loss: 0.116100
2021-07-13 20:16:58,499 - dist_train.py - INFO: Iter: 37550; Elasped: 2:29:17; ETA: 0:09:44; LR: 3.676e-06; seg_loss: 0.154245
2021-07-13 20:17:09,960 - dist_train.py - INFO: Iter: 37600; Elasped: 2:29:28; ETA: 0:09:32; LR: 3.601e-06; seg_loss: 0.085212
2021-07-13 20:17:22,247 - dist_train.py - INFO: Iter: 37650; Elasped: 2:29:41; ETA: 0:09:20; LR: 3.527e-06; seg_loss: 0.024101
2021-07-13 20:17:33,838 - dist_train.py - INFO: Iter: 37700; Elasped: 2:29:52; ETA: 0:09:08; LR: 3.452e-06; seg_loss: 0.116368
2021-07-13 20:17:45,461 - dist_train.py - INFO: Iter: 37750; Elasped: 2:30:04; ETA: 0:08:56; LR: 3.376e-06; seg_loss: 0.058504
2021-07-13 20:17:56,878 - dist_train.py - INFO: Iter: 37800; Elasped: 2:30:15; ETA: 0:08:44; LR: 3.301e-06; seg_loss: 0.057725
2021-07-13 20:18:08,479 - dist_train.py - INFO: Iter: 37850; Elasped: 2:30:27; ETA: 0:08:32; LR: 3.227e-06; seg_loss: 0.046383
2021-07-13 20:18:19,978 - dist_train.py - INFO: Iter: 37900; Elasped: 2:30:38; ETA: 0:08:20; LR: 3.152e-06; seg_loss: 0.127178
2021-07-13 20:18:31,428 - dist_train.py - INFO: Iter: 37950; Elasped: 2:30:50; ETA: 0:08:08; LR: 3.076e-06; seg_loss: 0.073582
2021-07-13 20:18:42,840 - dist_train.py - INFO: Iter: 38000; Elasped: 2:31:01; ETA: 0:07:56; LR: 3.001e-06; seg_loss: 0.051521
2021-07-13 20:18:54,310 - dist_train.py - INFO: Iter: 38050; Elasped: 2:31:13; ETA: 0:07:44; LR: 2.927e-06; seg_loss: 0.082931
2021-07-13 20:19:06,079 - dist_train.py - INFO: Iter: 38100; Elasped: 2:31:25; ETA: 0:07:33; LR: 2.852e-06; seg_loss: 0.122233
2021-07-13 20:19:17,527 - dist_train.py - INFO: Iter: 38150; Elasped: 2:31:36; ETA: 0:07:21; LR: 2.776e-06; seg_loss: 0.117509
2021-07-13 20:19:29,055 - dist_train.py - INFO: Iter: 38200; Elasped: 2:31:48; ETA: 0:07:09; LR: 2.701e-06; seg_loss: 0.054493
2021-07-13 20:19:40,553 - dist_train.py - INFO: Iter: 38250; Elasped: 2:31:59; ETA: 0:06:57; LR: 2.627e-06; seg_loss: 0.151273
2021-07-13 20:19:52,140 - dist_train.py - INFO: Iter: 38300; Elasped: 2:32:11; ETA: 0:06:45; LR: 2.552e-06; seg_loss: 0.066209
2021-07-13 20:20:03,867 - dist_train.py - INFO: Iter: 38350; Elasped: 2:32:22; ETA: 0:06:33; LR: 2.476e-06; seg_loss: 0.028777
2021-07-13 20:20:15,602 - dist_train.py - INFO: Iter: 38400; Elasped: 2:32:34; ETA: 0:06:21; LR: 2.401e-06; seg_loss: 0.111975
2021-07-13 20:20:27,127 - dist_train.py - INFO: Iter: 38450; Elasped: 2:32:46; ETA: 0:06:09; LR: 2.327e-06; seg_loss: 0.023073
2021-07-13 20:20:38,773 - dist_train.py - INFO: Iter: 38500; Elasped: 2:32:57; ETA: 0:05:57; LR: 2.252e-06; seg_loss: 0.182568
2021-07-13 20:20:50,254 - dist_train.py - INFO: Iter: 38550; Elasped: 2:33:09; ETA: 0:05:45; LR: 2.176e-06; seg_loss: 0.093534
2021-07-13 20:21:01,850 - dist_train.py - INFO: Iter: 38600; Elasped: 2:33:20; ETA: 0:05:33; LR: 2.101e-06; seg_loss: 0.062913
2021-07-13 20:21:13,650 - dist_train.py - INFO: Iter: 38650; Elasped: 2:33:32; ETA: 0:05:21; LR: 2.026e-06; seg_loss: 0.104634
2021-07-13 20:21:25,056 - dist_train.py - INFO: Iter: 38700; Elasped: 2:33:44; ETA: 0:05:09; LR: 1.952e-06; seg_loss: 0.020875
2021-07-13 20:21:36,736 - dist_train.py - INFO: Iter: 38750; Elasped: 2:33:55; ETA: 0:04:57; LR: 1.877e-06; seg_loss: 0.094360
2021-07-13 20:21:47,895 - dist_train.py - INFO: Iter: 38800; Elasped: 2:34:06; ETA: 0:04:45; LR: 1.801e-06; seg_loss: 0.058751
2021-07-13 20:22:00,015 - dist_train.py - INFO: Iter: 38850; Elasped: 2:34:19; ETA: 0:04:34; LR: 1.726e-06; seg_loss: 0.024029
2021-07-13 20:22:11,661 - dist_train.py - INFO: Iter: 38900; Elasped: 2:34:30; ETA: 0:04:22; LR: 1.652e-06; seg_loss: 0.076820
2021-07-13 20:22:23,281 - dist_train.py - INFO: Iter: 38950; Elasped: 2:34:42; ETA: 0:04:10; LR: 1.577e-06; seg_loss: 0.044826
2021-07-13 20:22:34,654 - dist_train.py - INFO: Iter: 39000; Elasped: 2:34:53; ETA: 0:03:58; LR: 1.501e-06; seg_loss: 0.039805
2021-07-13 20:22:46,318 - dist_train.py - INFO: Iter: 39050; Elasped: 2:35:05; ETA: 0:03:46; LR: 1.426e-06; seg_loss: 0.041726
2021-07-13 20:22:57,934 - dist_train.py - INFO: Iter: 39100; Elasped: 2:35:16; ETA: 0:03:34; LR: 1.352e-06; seg_loss: 0.088312
2021-07-13 20:23:09,519 - dist_train.py - INFO: Iter: 39150; Elasped: 2:35:28; ETA: 0:03:22; LR: 1.277e-06; seg_loss: 0.104012
2021-07-13 20:23:20,989 - dist_train.py - INFO: Iter: 39200; Elasped: 2:35:39; ETA: 0:03:10; LR: 1.201e-06; seg_loss: 0.058853
2021-07-13 20:23:32,500 - dist_train.py - INFO: Iter: 39250; Elasped: 2:35:51; ETA: 0:02:58; LR: 1.126e-06; seg_loss: 0.228748
2021-07-13 20:23:44,170 - dist_train.py - INFO: Iter: 39300; Elasped: 2:36:03; ETA: 0:02:46; LR: 1.052e-06; seg_loss: 0.069514
2021-07-13 20:23:55,800 - dist_train.py - INFO: Iter: 39350; Elasped: 2:36:14; ETA: 0:02:34; LR: 9.765e-07; seg_loss: 0.077401
2021-07-13 20:24:07,027 - dist_train.py - INFO: Iter: 39400; Elasped: 2:36:26; ETA: 0:02:22; LR: 9.015e-07; seg_loss: 0.115330
2021-07-13 20:24:18,569 - dist_train.py - INFO: Iter: 39450; Elasped: 2:36:37; ETA: 0:02:11; LR: 8.265e-07; seg_loss: 0.080591
2021-07-13 20:24:30,171 - dist_train.py - INFO: Iter: 39500; Elasped: 2:36:49; ETA: 0:01:59; LR: 7.515e-07; seg_loss: 0.094952
2021-07-13 20:24:41,669 - dist_train.py - INFO: Iter: 39550; Elasped: 2:37:00; ETA: 0:01:47; LR: 6.765e-07; seg_loss: 0.054020
2021-07-13 20:24:53,295 - dist_train.py - INFO: Iter: 39600; Elasped: 2:37:12; ETA: 0:01:35; LR: 6.015e-07; seg_loss: 0.063939
2021-07-13 20:25:04,849 - dist_train.py - INFO: Iter: 39650; Elasped: 2:37:23; ETA: 0:01:23; LR: 5.265e-07; seg_loss: 0.141126
2021-07-13 20:25:16,441 - dist_train.py - INFO: Iter: 39700; Elasped: 2:37:35; ETA: 0:01:11; LR: 4.515e-07; seg_loss: 0.095433
2021-07-13 20:25:27,897 - dist_train.py - INFO: Iter: 39750; Elasped: 2:37:46; ETA: 0:00:59; LR: 3.765e-07; seg_loss: 0.077773
2021-07-13 20:25:39,436 - dist_train.py - INFO: Iter: 39800; Elasped: 2:37:58; ETA: 0:00:47; LR: 3.015e-07; seg_loss: 0.059955
2021-07-13 20:25:51,029 - dist_train.py - INFO: Iter: 39850; Elasped: 2:38:10; ETA: 0:00:35; LR: 2.265e-07; seg_loss: 0.078669
2021-07-13 20:26:02,591 - dist_train.py - INFO: Iter: 39900; Elasped: 2:38:21; ETA: 0:00:23; LR: 1.515e-07; seg_loss: 0.080953
2021-07-13 20:26:13,923 - dist_train.py - INFO: Iter: 39950; Elasped: 2:38:32; ETA: 0:00:11; LR: 7.650e-08; seg_loss: 0.136089
2021-07-13 20:26:25,680 - dist_train.py - INFO: Iter: 40000; Elasped: 2:38:44; ETA: 0:00:00; LR: 1.500e-09; seg_loss: 0.118367
2021-07-13 20:26:25,681 - dist_train.py - INFO: Validating...
2021-07-13 20:26:58,215 - dist_train.py - INFO: {'Pixel Accuracy': 0.9477705248999949, 'Mean Accuracy': 0.8565216395755861, 'Mean IoU': 0.7679253036913856, 'Class IoU': {0: 0.9425888071081956, 1: 0.895574950684574, 2: 0.4273965394353985, 3: 0.8812040468042189, 4: 0.6538979314184891, 5: 0.7654132028713353, 6: 0.9280657172334434, 7: 0.8685401443570664, 8: 0.9113186934008031, 9: 0.39764890677565456, 10: 0.8596462979097805, 11: 0.521615344053039, 12: 0.857645828261242, 13: 0.8522845263543755, 14: 0.8493684036465073, 15: 0.845343095658097, 16: 0.6705153217106578, 17: 0.9055885234962736, 18: 0.5323202677945171, 19: 0.881631150118866, 20: 0.6788236784265601}}
